#
# There is insufficient memory for the Java Runtime Environment to continue.
# Native memory allocation (malloc) failed to allocate 1048576 bytes. Error detail: AllocateHeap
# Possible reasons:
#   The system is out of physical RAM or swap space
#   This process is running with CompressedOops enabled, and the Java Heap may be blocking the growth of the native heap
# Possible solutions:
#   Reduce memory load on the system
#   Increase physical memory or swap space
#   Check if swap backing store is full
#   Decrease Java heap size (-Xmx/-Xms)
#   Decrease number of Java threads
#   Decrease Java thread stack sizes (-Xss)
#   Set larger code cache with -XX:ReservedCodeCacheSize=
#   JVM is running with Unscaled Compressed Oops mode in which the Java heap is
#     placed in the first 4GB address space. The Java Heap base address is the
#     maximum limit for the native heap growth. Please use -XX:HeapBaseMinAddress
#     to set the Java Heap base and to place the Java Heap above 4GB virtual address.
# This output file may be truncated or incomplete.
#
#  Out of Memory Error (allocation.cpp:44), pid=6392, tid=25212
#
# JRE version: OpenJDK Runtime Environment Temurin-21.0.4+7 (21.0.4+7) (build 21.0.4+7-LTS)
# Java VM: OpenJDK 64-Bit Server VM Temurin-21.0.4+7 (21.0.4+7-LTS, mixed mode, emulated-client, sharing, tiered, compressed oops, compressed class ptrs, g1 gc, windows-amd64)
# No core dump will be written. Minidumps are not enabled by default on client versions of Windows
#

---------------  S U M M A R Y ------------

Command Line: -XX:TieredStopAtLevel=1 com.ucc.backend.BackendApplication

Host: 11th Gen Intel(R) Core(TM) i5-1135G7 @ 2.40GHz, 8 cores, 3G,  Windows 11 , 64 bit Build 26100 (10.0.26100.3912)
Time: Thu May  1 19:31:29 2025 Hora est. Pacífico, Sudamérica elapsed time: 12813.438679 seconds (0d 3h 33m 33s)

---------------  T H R E A D  ---------------

Current thread (0x0000021b6874f590):  VMThread "VM Thread"          [id=25212, stack(0x000000fbca800000,0x000000fbca900000) (1024K)]

Stack: [0x000000fbca800000,0x000000fbca900000]
Native frames: (J=compiled Java code, j=interpreted, Vv=VM code, C=native code)
V  [jvm.dll+0x6cbcf9]
V  [jvm.dll+0x8a5551]
V  [jvm.dll+0x8a7a7e]
V  [jvm.dll+0x8a8153]
V  [jvm.dll+0x27eca6]
V  [jvm.dll+0xbf5e7]
V  [jvm.dll+0x345362]
V  [jvm.dll+0x33fdde]
V  [jvm.dll+0x3286e8]
V  [jvm.dll+0x36a924]
V  [jvm.dll+0x8ade6f]
V  [jvm.dll+0x8af1f4]
V  [jvm.dll+0x8af730]
V  [jvm.dll+0x8af9d3]
V  [jvm.dll+0x84f17b]
V  [jvm.dll+0x6ca3fd]
C  [ucrtbase.dll+0x37b0]
C  [KERNEL32.DLL+0x2e8d7]
C  [ntdll.dll+0x9c5dc]

VM_Operation (0x000000fbc9eff1f0): G1CollectFull, mode: safepoint, requested by thread 0x0000021b6e439d60


---------------  P R O C E S S  ---------------

Threads class SMR info:
_java_thread_list=0x0000021b6d9d2250, length=22, elements={
0x0000021b6876f1e0, 0x0000021b6876ff30, 0x0000021b68773600, 0x0000021b68776cd0,
0x0000021b68781970, 0x0000021b68782970, 0x0000021b6878bb00, 0x0000021b689eaec0,
0x0000021b689ec700, 0x0000021b6e322780, 0x0000021b6e434ea0, 0x0000021b6e436f70,
0x0000021b6e4e7df0, 0x0000021b6e4e8b10, 0x0000021b6e435530, 0x0000021b6e4e9830,
0x0000021b6e437600, 0x0000021b6e4e91a0, 0x0000021b6e435bc0, 0x0000021b6e4368e0,
0x0000021b6e4396d0, 0x0000021b6e439d60
}

Java Threads: ( => current thread )
  0x0000021b6876f1e0 JavaThread "Reference Handler"          daemon [_thread_blocked, id=26388, stack(0x000000fbca900000,0x000000fbcaa00000) (1024K)]
  0x0000021b6876ff30 JavaThread "Finalizer"                  daemon [_thread_blocked, id=23628, stack(0x000000fbcaa00000,0x000000fbcab00000) (1024K)]
  0x0000021b68773600 JavaThread "Signal Dispatcher"          daemon [_thread_blocked, id=25916, stack(0x000000fbcab00000,0x000000fbcac00000) (1024K)]
  0x0000021b68776cd0 JavaThread "Attach Listener"            daemon [_thread_blocked, id=18496, stack(0x000000fbcac00000,0x000000fbcad00000) (1024K)]
  0x0000021b68781970 JavaThread "Service Thread"             daemon [_thread_blocked, id=21012, stack(0x000000fbcad00000,0x000000fbcae00000) (1024K)]
  0x0000021b68782970 JavaThread "Monitor Deflation Thread"   daemon [_thread_blocked, id=20296, stack(0x000000fbcae00000,0x000000fbcaf00000) (1024K)]
  0x0000021b6878bb00 JavaThread "C1 CompilerThread0"         daemon [_thread_blocked, id=7116, stack(0x000000fbcaf00000,0x000000fbcb000000) (1024K)]
  0x0000021b689eaec0 JavaThread "Notification Thread"        daemon [_thread_blocked, id=13948, stack(0x000000fbcb000000,0x000000fbcb100000) (1024K)]
  0x0000021b689ec700 JavaThread "Common-Cleaner"             daemon [_thread_blocked, id=2156, stack(0x000000fbcb100000,0x000000fbcb200000) (1024K)]
  0x0000021b6e322780 JavaThread "Live Reload Server"         daemon [_thread_in_native, id=19532, stack(0x000000fbcc000000,0x000000fbcc100000) (1024K)]
  0x0000021b6e434ea0 JavaThread "DestroyJavaVM"                     [_thread_blocked, id=23928, stack(0x000000fbca100000,0x000000fbca200000) (1024K)]
  0x0000021b6e436f70 JavaThread "parallel-1"                 daemon [_thread_blocked, id=12976, stack(0x000000fbc9f00000,0x000000fbca000000) (1024K)]
  0x0000021b6e4e7df0 JavaThread "parallel-2"                 daemon [_thread_blocked, id=11468, stack(0x000000fbcb200000,0x000000fbcb300000) (1024K)]
  0x0000021b6e4e8b10 JavaThread "parallel-3"                 daemon [_thread_blocked, id=20660, stack(0x000000fbcb300000,0x000000fbcb400000) (1024K)]
  0x0000021b6e435530 JavaThread "parallel-4"                 daemon [_thread_blocked, id=14272, stack(0x000000fbcbc00000,0x000000fbcbd00000) (1024K)]
  0x0000021b6e4e9830 JavaThread "parallel-5"                 daemon [_thread_blocked, id=4520, stack(0x000000fbcbd00000,0x000000fbcbe00000) (1024K)]
  0x0000021b6e437600 JavaThread "parallel-6"                 daemon [_thread_blocked, id=22664, stack(0x000000fbca000000,0x000000fbca100000) (1024K)]
  0x0000021b6e4e91a0 JavaThread "parallel-7"                 daemon [_thread_blocked, id=23704, stack(0x000000fbcbf00000,0x000000fbcc000000) (1024K)]
  0x0000021b6e435bc0 JavaThread "parallel-8"                 daemon [_thread_blocked, id=4464, stack(0x000000fbcc100000,0x000000fbcc200000) (1024K)]
  0x0000021b6e4368e0 JavaThread "File Watcher"               daemon [_thread_blocked, id=3632, stack(0x000000fbcbe00000,0x000000fbcbf00000) (1024K)]
  0x0000021b6e4396d0 JavaThread "File Watcher"               daemon [_thread_blocked, id=21452, stack(0x000000fbcc300000,0x000000fbcc400000) (1024K)]
  0x0000021b6e439d60 JavaThread "Thread-83"                         [_thread_blocked, id=13620, stack(0x000000fbc9e00000,0x000000fbc9f00000) (1024K)]
Total: 22

Other Threads:
=>0x0000021b6874f590 VMThread "VM Thread"                           [id=25212, stack(0x000000fbca800000,0x000000fbca900000) (1024K)]
  0x0000021b68738800 WatcherThread "VM Periodic Task Thread"        [id=20964, stack(0x000000fbca700000,0x000000fbca800000) (1024K)]
  0x0000021b58a7dbf0 WorkerThread "GC Thread#0"                     [id=16728, stack(0x000000fbca200000,0x000000fbca300000) (1024K)]
  0x0000021b6d44bb20 WorkerThread "GC Thread#1"                     [id=13724, stack(0x000000fbcb400000,0x000000fbcb500000) (1024K)]
  0x0000021b6d44c2d0 WorkerThread "GC Thread#2"                     [id=17184, stack(0x000000fbcb500000,0x000000fbcb600000) (1024K)]
  0x0000021b6d452960 WorkerThread "GC Thread#3"                     [id=18224, stack(0x000000fbcb600000,0x000000fbcb700000) (1024K)]
  0x0000021b6d452d00 WorkerThread "GC Thread#4"                     [id=14856, stack(0x000000fbcb700000,0x000000fbcb800000) (1024K)]
  0x0000021b6d4530a0 WorkerThread "GC Thread#5"                     [id=22052, stack(0x000000fbcb800000,0x000000fbcb900000) (1024K)]
  0x0000021b6d72a3a0 WorkerThread "GC Thread#6"                     [id=15968, stack(0x000000fbcba00000,0x000000fbcbb00000) (1024K)]
  0x0000021b6d72ce90 WorkerThread "GC Thread#7"                     [id=20988, stack(0x000000fbcbb00000,0x000000fbcbc00000) (1024K)]
  0x0000021b58a87260 ConcurrentGCThread "G1 Main Marker"            [id=9536, stack(0x000000fbca300000,0x000000fbca400000) (1024K)]
  0x0000021b58a88be0 WorkerThread "G1 Conc#0"                       [id=26528, stack(0x000000fbca400000,0x000000fbca500000) (1024K)]
  0x0000021b6d9f03c0 WorkerThread "G1 Conc#1"                       [id=2436, stack(0x000000fbcb900000,0x000000fbcba00000) (1024K)]
  0x0000021b58af8150 ConcurrentGCThread "G1 Refine#0"               [id=1600, stack(0x000000fbca500000,0x000000fbca600000) (1024K)]
  0x0000021b58af8cc0 ConcurrentGCThread "G1 Service"                [id=21256, stack(0x000000fbca600000,0x000000fbca700000) (1024K)]
Total: 15

Threads with active compile tasks:
Total: 0

VM state: at safepoint (normal execution)

VM Mutex/Monitor currently owned by a thread:  ([mutex/lock_event])
[0x00007ffab2417308] Threads_lock - owner thread: 0x0000021b6874f590
[0x00007ffab2417408] Heap_lock - owner thread: 0x0000021b6e439d60

OutOfMemory and StackOverflow Exception counts:
OutOfMemoryError java_heap_errors=1
LinkageErrors=149

Heap address: 0x00000000c4c00000, size: 948 MB, Compressed Oops mode: 32-bit

CDS archive(s) mapped at: [0x0000021b00000000-0x0000021b00c90000-0x0000021b00c90000), size 13172736, SharedBaseAddress: 0x0000021b00000000, ArchiveRelocationMode: 1.
Compressed class space mapped at: 0x0000021b01000000-0x0000021b41000000, reserved size: 1073741824
Narrow klass base: 0x0000021b00000000, Narrow klass shift: 0, Narrow klass range: 0x100000000

GC Precious Log:
 CardTable entry size: 512
 Card Set container configuration: InlinePtr #cards 5 size 8 Array Of Cards #cards 12 size 40 Howl #buckets 4 coarsen threshold 1843 Howl Bitmap #cards 512 size 80 coarsen threshold 460 Card regions per heap region 1 cards per card region 2048
 CPUs: 8 total, 8 available
 Memory: 3790M
 Large Page Support: Disabled
 NUMA Support: Disabled
 Compressed Oops: Enabled (32-bit)
 Heap Region Size: 1M
 Heap Min Capacity: 8M
 Heap Initial Capacity: 60M
 Heap Max Capacity: 948M
 Pre-touch: Disabled
 Parallel Workers: 8
 Concurrent Workers: 2
 Concurrent Refinement Workers: 8
 Periodic GC: Disabled

Heap:
 garbage-first heap   total 61440K, used 19669K [0x00000000c4c00000, 0x0000000100000000)
  region size 1024K, 4 young (4096K), 1 survivors (1024K)
 Metaspace       used 31475K, committed 32064K, reserved 1114112K
  class space    used 4386K, committed 4608K, reserved 1048576K

Heap Regions: E=young(eden), S=young(survivor), O=old, HS=humongous(starts), HC=humongous(continues), CS=collection set, F=free, TAMS=top-at-mark-start, PB=parsable bottom
|   0|0x00000000c4c00000, 0x00000000c4cfeef8, 0x00000000c4d00000| 99%| O|  |TAMS 0x00000000c4c00000| PB 0x00000000c4c00000| Untracked 
|   1|0x00000000c4d00000, 0x00000000c4dfffe0, 0x00000000c4e00000| 99%| O|  |TAMS 0x00000000c4d00000| PB 0x00000000c4d00000| Untracked 
|   2|0x00000000c4e00000, 0x00000000c4f00000, 0x00000000c4f00000|100%| O|  |TAMS 0x00000000c4e00000| PB 0x00000000c4e00000| Untracked 
|   3|0x00000000c4f00000, 0x00000000c4ffffc8, 0x00000000c5000000| 99%| O|  |TAMS 0x00000000c4f00000| PB 0x00000000c4f00000| Untracked 
|   4|0x00000000c5000000, 0x00000000c50fffe0, 0x00000000c5100000| 99%| O|  |TAMS 0x00000000c5000000| PB 0x00000000c5000000| Untracked 
|   5|0x00000000c5100000, 0x00000000c51fffe8, 0x00000000c5200000| 99%| O|  |TAMS 0x00000000c5100000| PB 0x00000000c5100000| Untracked 
|   6|0x00000000c5200000, 0x00000000c52fffb0, 0x00000000c5300000| 99%| O|  |TAMS 0x00000000c5200000| PB 0x00000000c5200000| Untracked 
|   7|0x00000000c5300000, 0x00000000c53fffe0, 0x00000000c5400000| 99%| O|  |TAMS 0x00000000c5300000| PB 0x00000000c5300000| Untracked 
|   8|0x00000000c5400000, 0x00000000c5500000, 0x00000000c5500000|100%| O|  |TAMS 0x00000000c5400000| PB 0x00000000c5400000| Untracked 
|   9|0x00000000c5500000, 0x00000000c55fffe8, 0x00000000c5600000| 99%| O|  |TAMS 0x00000000c5500000| PB 0x00000000c5500000| Untracked 
|  10|0x00000000c5600000, 0x00000000c56ffff8, 0x00000000c5700000| 99%| O|  |TAMS 0x00000000c5600000| PB 0x00000000c5600000| Untracked 
|  11|0x00000000c5700000, 0x00000000c57ffff0, 0x00000000c5800000| 99%| O|  |TAMS 0x00000000c5700000| PB 0x00000000c5700000| Untracked 
|  12|0x00000000c5800000, 0x00000000c58ffff0, 0x00000000c5900000| 99%| O|  |TAMS 0x00000000c5800000| PB 0x00000000c5800000| Untracked 
|  13|0x00000000c5900000, 0x00000000c59aab00, 0x00000000c5a00000| 66%| O|  |TAMS 0x00000000c5900000| PB 0x00000000c5900000| Untracked 
|  14|0x00000000c5a00000, 0x00000000c5a128e0, 0x00000000c5b00000|  7%| O|  |TAMS 0x00000000c5a00000| PB 0x00000000c5a00000| Untracked 
|  15|0x00000000c5b00000, 0x00000000c5b4bd70, 0x00000000c5c00000| 29%| O|  |TAMS 0x00000000c5b00000| PB 0x00000000c5b00000| Untracked 
|  16|0x00000000c5c00000, 0x00000000c5c819d0, 0x00000000c5d00000| 50%| O|  |TAMS 0x00000000c5c00000| PB 0x00000000c5c00000| Untracked 
|  17|0x00000000c5d00000, 0x00000000c5d118c0, 0x00000000c5e00000|  6%| O|  |TAMS 0x00000000c5d00000| PB 0x00000000c5d00000| Untracked 
|  18|0x00000000c5e00000, 0x00000000c5f00000, 0x00000000c5f00000|100%| O|  |TAMS 0x00000000c5e00000| PB 0x00000000c5e00000| Untracked 
|  19|0x00000000c5f00000, 0x00000000c6000000, 0x00000000c6000000|100%| O|  |TAMS 0x00000000c5f00000| PB 0x00000000c5f00000| Untracked 
|  20|0x00000000c6000000, 0x00000000c6054a80, 0x00000000c6100000| 33%| O|  |TAMS 0x00000000c6000000| PB 0x00000000c6000000| Untracked 
|  21|0x00000000c6100000, 0x00000000c6100000, 0x00000000c6200000|  0%| F|  |TAMS 0x00000000c6100000| PB 0x00000000c6100000| Untracked 
|  22|0x00000000c6200000, 0x00000000c6200000, 0x00000000c6300000|  0%| F|  |TAMS 0x00000000c6200000| PB 0x00000000c6200000| Untracked 
|  23|0x00000000c6300000, 0x00000000c6300000, 0x00000000c6400000|  0%| F|  |TAMS 0x00000000c6300000| PB 0x00000000c6300000| Untracked 
|  24|0x00000000c6400000, 0x00000000c6400000, 0x00000000c6500000|  0%| F|  |TAMS 0x00000000c6400000| PB 0x00000000c6400000| Untracked 
|  25|0x00000000c6500000, 0x00000000c6500000, 0x00000000c6600000|  0%| F|  |TAMS 0x00000000c6500000| PB 0x00000000c6500000| Untracked 
|  26|0x00000000c6600000, 0x00000000c6600000, 0x00000000c6700000|  0%| F|  |TAMS 0x00000000c6600000| PB 0x00000000c6600000| Untracked 
|  27|0x00000000c6700000, 0x00000000c6700000, 0x00000000c6800000|  0%| F|  |TAMS 0x00000000c6700000| PB 0x00000000c6700000| Untracked 
|  28|0x00000000c6800000, 0x00000000c6800000, 0x00000000c6900000|  0%| F|  |TAMS 0x00000000c6800000| PB 0x00000000c6800000| Untracked 
|  29|0x00000000c6900000, 0x00000000c6900000, 0x00000000c6a00000|  0%| F|  |TAMS 0x00000000c6900000| PB 0x00000000c6900000| Untracked 
|  30|0x00000000c6a00000, 0x00000000c6a00000, 0x00000000c6b00000|  0%| F|  |TAMS 0x00000000c6a00000| PB 0x00000000c6a00000| Untracked 
|  31|0x00000000c6b00000, 0x00000000c6b00000, 0x00000000c6c00000|  0%| F|  |TAMS 0x00000000c6b00000| PB 0x00000000c6b00000| Untracked 
|  32|0x00000000c6c00000, 0x00000000c6c00000, 0x00000000c6d00000|  0%| F|  |TAMS 0x00000000c6c00000| PB 0x00000000c6c00000| Untracked 
|  33|0x00000000c6d00000, 0x00000000c6d00000, 0x00000000c6e00000|  0%| F|  |TAMS 0x00000000c6d00000| PB 0x00000000c6d00000| Untracked 
|  34|0x00000000c6e00000, 0x00000000c6e00000, 0x00000000c6f00000|  0%| F|  |TAMS 0x00000000c6e00000| PB 0x00000000c6e00000| Untracked 
|  35|0x00000000c6f00000, 0x00000000c6f00000, 0x00000000c7000000|  0%| F|  |TAMS 0x00000000c6f00000| PB 0x00000000c6f00000| Untracked 
|  36|0x00000000c7000000, 0x00000000c7000000, 0x00000000c7100000|  0%| F|  |TAMS 0x00000000c7000000| PB 0x00000000c7000000| Untracked 
|  37|0x00000000c7100000, 0x00000000c7100000, 0x00000000c7200000|  0%| F|  |TAMS 0x00000000c7100000| PB 0x00000000c7100000| Untracked 
|  38|0x00000000c7200000, 0x00000000c7200000, 0x00000000c7300000|  0%| F|  |TAMS 0x00000000c7200000| PB 0x00000000c7200000| Untracked 
|  39|0x00000000c7300000, 0x00000000c7300000, 0x00000000c7400000|  0%| F|  |TAMS 0x00000000c7300000| PB 0x00000000c7300000| Untracked 
|  40|0x00000000c7400000, 0x00000000c7400000, 0x00000000c7500000|  0%| F|  |TAMS 0x00000000c7400000| PB 0x00000000c7400000| Untracked 
|  41|0x00000000c7500000, 0x00000000c7500000, 0x00000000c7600000|  0%| F|  |TAMS 0x00000000c7500000| PB 0x00000000c7500000| Untracked 
|  42|0x00000000c7600000, 0x00000000c7600000, 0x00000000c7700000|  0%| F|  |TAMS 0x00000000c7600000| PB 0x00000000c7600000| Untracked 
|  43|0x00000000c7700000, 0x00000000c7700000, 0x00000000c7800000|  0%| F|  |TAMS 0x00000000c7700000| PB 0x00000000c7700000| Untracked 
|  44|0x00000000c7800000, 0x00000000c7800000, 0x00000000c7900000|  0%| F|  |TAMS 0x00000000c7800000| PB 0x00000000c7800000| Untracked 
|  45|0x00000000c7900000, 0x00000000c7900000, 0x00000000c7a00000|  0%| F|  |TAMS 0x00000000c7900000| PB 0x00000000c7900000| Untracked 
|  46|0x00000000c7a00000, 0x00000000c7a00000, 0x00000000c7b00000|  0%| F|  |TAMS 0x00000000c7a00000| PB 0x00000000c7a00000| Untracked 
|  47|0x00000000c7b00000, 0x00000000c7b00000, 0x00000000c7c00000|  0%| F|  |TAMS 0x00000000c7b00000| PB 0x00000000c7b00000| Untracked 
|  48|0x00000000c7c00000, 0x00000000c7c45900, 0x00000000c7d00000| 27%| S|CS|TAMS 0x00000000c7c00000| PB 0x00000000c7c00000| Complete 
|  49|0x00000000c7d00000, 0x00000000c7d00000, 0x00000000c7e00000|  0%| F|  |TAMS 0x00000000c7d00000| PB 0x00000000c7d00000| Untracked 
|  50|0x00000000c7e00000, 0x00000000c7e00000, 0x00000000c7f00000|  0%| F|  |TAMS 0x00000000c7e00000| PB 0x00000000c7e00000| Untracked 
|  51|0x00000000c7f00000, 0x00000000c7f00000, 0x00000000c8000000|  0%| F|  |TAMS 0x00000000c7f00000| PB 0x00000000c7f00000| Untracked 
|  52|0x00000000c8000000, 0x00000000c8000000, 0x00000000c8100000|  0%| F|  |TAMS 0x00000000c8000000| PB 0x00000000c8000000| Untracked 
|  53|0x00000000c8100000, 0x00000000c8100000, 0x00000000c8200000|  0%| F|  |TAMS 0x00000000c8100000| PB 0x00000000c8100000| Untracked 
|  54|0x00000000c8200000, 0x00000000c8200000, 0x00000000c8300000|  0%| F|  |TAMS 0x00000000c8200000| PB 0x00000000c8200000| Untracked 
|  55|0x00000000c8300000, 0x00000000c8300000, 0x00000000c8400000|  0%| F|  |TAMS 0x00000000c8300000| PB 0x00000000c8300000| Untracked 
|  56|0x00000000c8400000, 0x00000000c8400000, 0x00000000c8500000|  0%| F|  |TAMS 0x00000000c8400000| PB 0x00000000c8400000| Untracked 
|  57|0x00000000c8500000, 0x00000000c853d860, 0x00000000c8600000| 24%| E|  |TAMS 0x00000000c8500000| PB 0x00000000c8500000| Complete 
|  58|0x00000000c8600000, 0x00000000c8700000, 0x00000000c8700000|100%| E|CS|TAMS 0x00000000c8600000| PB 0x00000000c8600000| Complete 
|  59|0x00000000c8700000, 0x00000000c8800000, 0x00000000c8800000|100%| E|CS|TAMS 0x00000000c8700000| PB 0x00000000c8700000| Complete 

Card table byte_map: [0x0000021b64c40000,0x0000021b64e20000] _byte_map_base: 0x0000021b6461a000

Marking Bits: (CMBitMap*) 0x0000021b58a7e2f0
 Bits: [0x0000021b64e20000, 0x0000021b65cf0000)

Polling page: 0x0000021b58b00000

Metaspace:

Usage:
  Non-class:     26.45 MB used.
      Class:      4.28 MB used.
       Both:     30.74 MB used.

Virtual space:
  Non-class space:       64.00 MB reserved,      26.81 MB ( 42%) committed,  1 nodes.
      Class space:        1.00 GB reserved,       4.50 MB ( <1%) committed,  1 nodes.
             Both:        1.06 GB reserved,      31.31 MB (  3%) committed. 

Chunk freelists:
   Non-Class:  5.17 MB
       Class:  11.39 MB
        Both:  16.55 MB

MaxMetaspaceSize: unlimited
CompressedClassSpaceSize: 1.00 GB
Initial GC threshold: 21.00 MB
Current GC threshold: 52.19 MB
CDS: on
 - commit_granule_bytes: 65536.
 - commit_granule_words: 8192.
 - virtual_space_node_default_size: 8388608.
 - enlarge_chunks_in_place: 1.
 - use_allocation_guard: 0.


Internal statistics:

num_allocs_failed_limit: 3.
num_arena_births: 1410.
num_arena_deaths: 904.
num_vsnodes_births: 2.
num_vsnodes_deaths: 0.
num_space_committed: 501.
num_space_uncommitted: 0.
num_chunks_returned_to_freelist: 1143.
num_chunks_taken_from_freelist: 2885.
num_chunk_merges: 162.
num_chunk_splits: 1477.
num_chunks_enlarged: 996.
num_inconsistent_stats: 0.

CodeCache: size=49152Kb used=10573Kb max_used=10573Kb free=38578Kb
 bounds [0x0000021b61170000, 0x0000021b61bd0000, 0x0000021b64170000]
 total_blobs=5685 nmethods=5132 adapters=477
 compilation: enabled
              stopped_count=0, restarted_count=0
 full_count=0

Compilation events (20 events):
Event: 12659.300 Thread 0x0000021b6878bb00 7747       1       java.util.concurrent.ConcurrentHashMap$CollectionView::toArray (204 bytes)
Event: 12659.401 Thread 0x0000021b6878bb00 nmethod 7747 0x0000021b61bbd290 code [0x0000021b61bbd4e0, 0x0000021b61bbdc18]
Event: 12808.871 Thread 0x0000021b6878bb00 7748       1       java.util.regex.Pattern$Curly::study (153 bytes)
Event: 12808.913 Thread 0x0000021b6878bb00 nmethod 7748 0x0000021b61bbe090 code [0x0000021b61bbe240, 0x0000021b61bbe450]
Event: 12811.377 Thread 0x0000021b6878bb00 7749       1       java.lang.invoke.StringConcatFactory::parseRecipe (213 bytes)
Event: 12811.437 Thread 0x0000021b6878bb00 nmethod 7749 0x0000021b61bbe510 code [0x0000021b61bbe7a0, 0x0000021b61bbf1b8]
Event: 12811.966 Thread 0x0000021b6878bb00 7750       1       java.lang.invoke.MethodHandles::filterArgumentsWithCombiner (9 bytes)
Event: 12811.967 Thread 0x0000021b6878bb00 nmethod 7750 0x0000021b61bbf910 code [0x0000021b61bbfaa0, 0x0000021b61bbfb80]
Event: 12811.967 Thread 0x0000021b6878bb00 7751       1       java.lang.invoke.BoundMethodHandle::bindSingle (7 bytes)
Event: 12811.968 Thread 0x0000021b6878bb00 nmethod 7751 0x0000021b61bbfc10 code [0x0000021b61bbfdc0, 0x0000021b61bbff60]
Event: 12811.970 Thread 0x0000021b6878bb00 7752       1       java.lang.invoke.LambdaFormEditor::filterArgumentsForm (74 bytes)
Event: 12811.973 Thread 0x0000021b6878bb00 nmethod 7752 0x0000021b61bc0010 code [0x0000021b61bc01e0, 0x0000021b61bc03b8]
Event: 12812.156 Thread 0x0000021b6878bb00 7753       1       java.util.concurrent.atomic.AtomicLong::addAndGet (14 bytes)
Event: 12812.157 Thread 0x0000021b6878bb00 nmethod 7753 0x0000021b61bc0510 code [0x0000021b61bc06a0, 0x0000021b61bc0778]
Event: 12812.244 Thread 0x0000021b6878bb00 7754   !   1       org.springframework.beans.factory.support.DisposableBeanAdapter::destroy (396 bytes)
Event: 12812.260 Thread 0x0000021b6878bb00 nmethod 7754 0x0000021b61bc0810 code [0x0000021b61bc0be0, 0x0000021b61bc18c0]
Event: 12812.277 Thread 0x0000021b6878bb00 7755   !   1       java.util.logging.LogManager::initializeGlobalHandlers (92 bytes)
Event: 12812.290 Thread 0x0000021b6878bb00 nmethod 7755 0x0000021b61bc2190 code [0x0000021b61bc2400, 0x0000021b61bc2a88]
Event: 12812.401 Thread 0x0000021b6878bb00 7756       1       org.apache.catalina.core.StandardPipeline::getValves (58 bytes)
Event: 12812.404 Thread 0x0000021b6878bb00 nmethod 7756 0x0000021b61bc2e90 code [0x0000021b61bc3060, 0x0000021b61bc3508]

GC Heap History (20 events):
Event: 11952.488 GC heap after
{Heap after GC invocations=45 (full 17):
 garbage-first heap   total 51200K, used 14923K [0x00000000c4c00000, 0x0000000100000000)
  region size 1024K, 0 young (0K), 0 survivors (0K)
 Metaspace       used 31492K, committed 32064K, reserved 1114112K
  class space    used 4390K, committed 4608K, reserved 1048576K
}
Event: 11955.366 GC heap before
{Heap before GC invocations=45 (full 17):
 garbage-first heap   total 51200K, used 41547K [0x00000000c4c00000, 0x0000000100000000)
  region size 1024K, 26 young (26624K), 0 survivors (0K)
 Metaspace       used 31496K, committed 32064K, reserved 1114112K
  class space    used 4391K, committed 4608K, reserved 1048576K
}
Event: 11955.381 GC heap after
{Heap after GC invocations=46 (full 17):
 garbage-first heap   total 61440K, used 17416K [0x00000000c4c00000, 0x0000000100000000)
  region size 1024K, 3 young (3072K), 3 survivors (3072K)
 Metaspace       used 31496K, committed 32064K, reserved 1114112K
  class space    used 4391K, committed 4608K, reserved 1048576K
}
Event: 12090.104 GC heap before
{Heap before GC invocations=46 (full 17):
 garbage-first heap   total 61440K, used 26632K [0x00000000c4c00000, 0x0000000100000000)
  region size 1024K, 13 young (13312K), 3 survivors (3072K)
 Metaspace       used 31499K, committed 32064K, reserved 1114112K
  class space    used 4391K, committed 4608K, reserved 1048576K
}
Event: 12090.673 GC heap after
{Heap after GC invocations=47 (full 18):
 garbage-first heap   total 61440K, used 14957K [0x00000000c4c00000, 0x0000000100000000)
  region size 1024K, 0 young (0K), 0 survivors (0K)
 Metaspace       used 31418K, committed 32064K, reserved 1114112K
  class space    used 4369K, committed 4608K, reserved 1048576K
}
Event: 12104.387 GC heap before
{Heap before GC invocations=47 (full 18):
 garbage-first heap   total 61440K, used 47725K [0x00000000c4c00000, 0x0000000100000000)
  region size 1024K, 32 young (32768K), 0 survivors (0K)
 Metaspace       used 31418K, committed 32064K, reserved 1114112K
  class space    used 4369K, committed 4608K, reserved 1048576K
}
Event: 12104.456 GC heap after
{Heap after GC invocations=48 (full 18):
 garbage-first heap   total 61440K, used 17470K [0x00000000c4c00000, 0x0000000100000000)
  region size 1024K, 3 young (3072K), 3 survivors (3072K)
 Metaspace       used 31418K, committed 32064K, reserved 1114112K
  class space    used 4369K, committed 4608K, reserved 1048576K
}
Event: 12167.083 GC heap before
{Heap before GC invocations=48 (full 18):
 garbage-first heap   total 61440K, used 19518K [0x00000000c4c00000, 0x0000000100000000)
  region size 1024K, 6 young (6144K), 3 survivors (3072K)
 Metaspace       used 31421K, committed 32064K, reserved 1114112K
  class space    used 4370K, committed 4608K, reserved 1048576K
}
Event: 12168.509 GC heap after
{Heap after GC invocations=49 (full 19):
 garbage-first heap   total 61440K, used 14956K [0x00000000c4c00000, 0x0000000100000000)
  region size 1024K, 0 young (0K), 0 survivors (0K)
 Metaspace       used 31418K, committed 32064K, reserved 1114112K
  class space    used 4369K, committed 4608K, reserved 1048576K
}
Event: 12233.397 GC heap before
{Heap before GC invocations=49 (full 19):
 garbage-first heap   total 61440K, used 47724K [0x00000000c4c00000, 0x0000000100000000)
  region size 1024K, 33 young (33792K), 0 survivors (0K)
 Metaspace       used 31418K, committed 32064K, reserved 1114112K
  class space    used 4369K, committed 4608K, reserved 1048576K
}
Event: 12234.835 GC heap after
{Heap after GC invocations=50 (full 19):
 garbage-first heap   total 61440K, used 17454K [0x00000000c4c00000, 0x0000000100000000)
  region size 1024K, 3 young (3072K), 3 survivors (3072K)
 Metaspace       used 31418K, committed 32064K, reserved 1114112K
  class space    used 4369K, committed 4608K, reserved 1048576K
}
Event: 12250.121 GC heap before
{Heap before GC invocations=50 (full 19):
 garbage-first heap   total 61440K, used 18478K [0x00000000c4c00000, 0x0000000100000000)
  region size 1024K, 4 young (4096K), 3 survivors (3072K)
 Metaspace       used 31418K, committed 32064K, reserved 1114112K
  class space    used 4369K, committed 4608K, reserved 1048576K
}
Event: 12250.183 GC heap after
{Heap after GC invocations=51 (full 19):
 garbage-first heap   total 61440K, used 17805K [0x00000000c4c00000, 0x0000000100000000)
  region size 1024K, 1 young (1024K), 1 survivors (1024K)
 Metaspace       used 31418K, committed 32064K, reserved 1114112K
  class space    used 4369K, committed 4608K, reserved 1048576K
}
Event: 12284.836 GC heap before
{Heap before GC invocations=51 (full 19):
 garbage-first heap   total 61440K, used 19853K [0x00000000c4c00000, 0x0000000100000000)
  region size 1024K, 3 young (3072K), 1 survivors (1024K)
 Metaspace       used 31418K, committed 32064K, reserved 1114112K
  class space    used 4369K, committed 4608K, reserved 1048576K
}
Event: 12284.892 GC heap after
{Heap after GC invocations=52 (full 19):
 garbage-first heap   total 61440K, used 17705K [0x00000000c4c00000, 0x0000000100000000)
  region size 1024K, 1 young (1024K), 1 survivors (1024K)
 Metaspace       used 31418K, committed 32064K, reserved 1114112K
  class space    used 4369K, committed 4608K, reserved 1048576K
}
Event: 12393.590 GC heap before
{Heap before GC invocations=52 (full 19):
 garbage-first heap   total 61440K, used 21801K [0x00000000c4c00000, 0x0000000100000000)
  region size 1024K, 5 young (5120K), 1 survivors (1024K)
 Metaspace       used 31418K, committed 32064K, reserved 1114112K
  class space    used 4369K, committed 4608K, reserved 1048576K
}
Event: 12393.650 GC heap after
{Heap after GC invocations=53 (full 19):
 garbage-first heap   total 61440K, used 17785K [0x00000000c4c00000, 0x0000000100000000)
  region size 1024K, 1 young (1024K), 1 survivors (1024K)
 Metaspace       used 31418K, committed 32064K, reserved 1114112K
  class space    used 4369K, committed 4608K, reserved 1048576K
}
Event: 12762.256 GC heap before
{Heap before GC invocations=53 (full 19):
 garbage-first heap   total 61440K, used 28025K [0x00000000c4c00000, 0x0000000100000000)
  region size 1024K, 11 young (11264K), 1 survivors (1024K)
 Metaspace       used 31418K, committed 32064K, reserved 1114112K
  class space    used 4369K, committed 4608K, reserved 1048576K
}
Event: 12762.342 GC heap after
{Heap after GC invocations=54 (full 19):
 garbage-first heap   total 61440K, used 17621K [0x00000000c4c00000, 0x0000000100000000)
  region size 1024K, 1 young (1024K), 1 survivors (1024K)
 Metaspace       used 31418K, committed 32064K, reserved 1114112K
  class space    used 4369K, committed 4608K, reserved 1048576K
}
Event: 12812.415 GC heap before
{Heap before GC invocations=54 (full 19):
 garbage-first heap   total 61440K, used 19669K [0x00000000c4c00000, 0x0000000100000000)
  region size 1024K, 4 young (4096K), 1 survivors (1024K)
 Metaspace       used 31475K, committed 32064K, reserved 1114112K
  class space    used 4386K, committed 4608K, reserved 1048576K
}

Dll operation events (9 events):
Event: 0.013 Loaded shared library C:\Program Files\Eclipse Adoptium\jdk-21.0.4.7-hotspot\bin\java.dll
Event: 0.119 Loaded shared library C:\Program Files\Eclipse Adoptium\jdk-21.0.4.7-hotspot\bin\net.dll
Event: 0.122 Loaded shared library C:\Program Files\Eclipse Adoptium\jdk-21.0.4.7-hotspot\bin\nio.dll
Event: 0.128 Loaded shared library C:\Program Files\Eclipse Adoptium\jdk-21.0.4.7-hotspot\bin\zip.dll
Event: 0.253 Loaded shared library C:\Program Files\Eclipse Adoptium\jdk-21.0.4.7-hotspot\bin\jimage.dll
Event: 0.639 Loaded shared library C:\Program Files\Eclipse Adoptium\jdk-21.0.4.7-hotspot\bin\management.dll
Event: 0.653 Loaded shared library C:\Program Files\Eclipse Adoptium\jdk-21.0.4.7-hotspot\bin\management_ext.dll
Event: 1.592 Loaded shared library C:\Program Files\Eclipse Adoptium\jdk-21.0.4.7-hotspot\bin\sunmscapi.dll
Event: 4.664 Loaded shared library C:\Program Files\Eclipse Adoptium\jdk-21.0.4.7-hotspot\bin\extnet.dll

Deoptimization events (0 events):
No events

Classes loaded (20 events):
Event: 1390.071 Loading class java/lang/ref/Finalizer$1
Event: 1390.075 Loading class java/lang/ref/Finalizer$1 done
Event: 1398.255 Loading class java/time/DurationEditor
Event: 1398.269 Loading class java/time/DurationEditor done
Event: 5278.284 Loading class sun/net/ConnectionResetException
Event: 5278.336 Loading class sun/net/ConnectionResetException done
Event: 7848.868 Loading class java/lang/invoke/WrongMethodTypeException
Event: 7848.875 Loading class java/lang/invoke/WrongMethodTypeException done
Event: 7848.883 Loading class java/lang/Throwable$WrappedPrintStream
Event: 7848.888 Loading class java/lang/Throwable$WrappedPrintStream done
Event: 7887.951 Loading class java/time/DurationEditor
Event: 7887.953 Loading class java/time/DurationEditor done
Event: 9992.385 Loading class java/time/DurationEditor
Event: 9992.390 Loading class java/time/DurationEditor done
Event: 11923.168 Loading class java/time/DurationEditor
Event: 11923.174 Loading class java/time/DurationEditor done
Event: 12811.836 Loading class jdk/internal/loader/BootLoader$PackageHelper
Event: 12811.855 Loading class jdk/internal/loader/BootLoader$PackageHelper done
Event: 12811.922 Loading class java/security/AllPermissionCollection
Event: 12811.929 Loading class java/security/AllPermissionCollection done

Classes unloaded (20 events):
Event: 12090.231 Thread 0x0000021b6874f590 Unloading class 0x0000021b01090800 'java/lang/invoke/LambdaForm$BMH+0x0000021b01090800'
Event: 12090.232 Thread 0x0000021b6874f590 Unloading class 0x0000021b0141ec00 'java/lang/invoke/LambdaForm$MH+0x0000021b0141ec00'
Event: 12090.232 Thread 0x0000021b6874f590 Unloading class 0x0000021b0134d400 'java/lang/invoke/LambdaForm$MH+0x0000021b0134d400'
Event: 12090.232 Thread 0x0000021b6874f590 Unloading class 0x0000021b01234c00 'java/lang/invoke/LambdaForm$MH+0x0000021b01234c00'
Event: 12090.232 Thread 0x0000021b6874f590 Unloading class 0x0000021b01092c00 'java/lang/invoke/LambdaForm$MH+0x0000021b01092c00'
Event: 12090.232 Thread 0x0000021b6874f590 Unloading class 0x0000021b0130d800 'java/lang/invoke/LambdaForm$MH+0x0000021b0130d800'
Event: 12090.233 Thread 0x0000021b6874f590 Unloading class 0x0000021b0111d400 'java/lang/invoke/LambdaForm$MH+0x0000021b0111d400'
Event: 12090.233 Thread 0x0000021b6874f590 Unloading class 0x0000021b0101b800 'java/lang/invoke/LambdaForm$MH+0x0000021b0101b800'
Event: 12090.233 Thread 0x0000021b6874f590 Unloading class 0x0000021b012c8800 'java/lang/invoke/LambdaForm$MH+0x0000021b012c8800'
Event: 12090.233 Thread 0x0000021b6874f590 Unloading class 0x0000021b01018400 'java/lang/invoke/LambdaForm$MH+0x0000021b01018400'
Event: 12090.234 Thread 0x0000021b6874f590 Unloading class 0x0000021b01139800 'java/lang/invoke/LambdaForm$MH+0x0000021b01139800'
Event: 12090.234 Thread 0x0000021b6874f590 Unloading class 0x0000021b0149d800 'java/lang/invoke/LambdaForm$BMH+0x0000021b0149d800'
Event: 12090.234 Thread 0x0000021b6874f590 Unloading class 0x0000021b0133c000 'java/lang/invoke/LambdaForm$MH+0x0000021b0133c000'
Event: 12090.234 Thread 0x0000021b6874f590 Unloading class 0x0000021b01100000 'java/lang/invoke/LambdaForm$MH+0x0000021b01100000'
Event: 12090.234 Thread 0x0000021b6874f590 Unloading class 0x0000021b01091800 'java/lang/invoke/LambdaForm$MH+0x0000021b01091800'
Event: 12090.234 Thread 0x0000021b6874f590 Unloading class 0x0000021b012c8400 'java/lang/invoke/LambdaForm$MH+0x0000021b012c8400'
Event: 12090.234 Thread 0x0000021b6874f590 Unloading class 0x0000021b0130ec00 'java/lang/invoke/LambdaForm$MH+0x0000021b0130ec00'
Event: 12090.234 Thread 0x0000021b6874f590 Unloading class 0x0000021b01350c00 'java/lang/invoke/LambdaForm$MH+0x0000021b01350c00'
Event: 12090.234 Thread 0x0000021b6874f590 Unloading class 0x0000021b01100c00 'java/lang/invoke/LambdaForm$MH+0x0000021b01100c00'
Event: 12167.349 Thread 0x0000021b6874f590 Unloading class 0x0000021b01329000 'org/apache/catalina/loader/JdbcLeakPrevention'

Classes redefined (0 events):
No events

Internal exceptions (20 events):
Event: 11951.584 Thread 0x0000021b6e439040 Exception <a 'java/lang/InterruptedException'{0x00000000c751ab98}: sleep interrupted> (0x00000000c751ab98) 
thrown [s\src\hotspot\share\prims\jvm.cpp, line 3074]
Event: 11952.857 Thread 0x0000021b6e4e5d20 Exception <a 'sun/nio/fs/WindowsException'{0x00000000c7d88338}> (0x00000000c7d88338) 
thrown [s\src\hotspot\share\prims\jni.cpp, line 520]
Event: 11954.708 Thread 0x0000021b6e4e5d20 Exception <a 'java/lang/NoClassDefFoundError'{0x00000000c6b1bf58}: org/flywaydb/core/Flyway> (0x00000000c6b1bf58) 
thrown [s\src\hotspot\share\oops\constantPool.cpp, line 873]
Event: 11954.708 Thread 0x0000021b6e4e5d20 Exception <a 'java/lang/NoClassDefFoundError'{0x00000000c6b1c5b8}: liquibase/integration/spring/SpringLiquibase> (0x00000000c6b1c5b8) 
thrown [s\src\hotspot\share\oops\constantPool.cpp, line 873]
Event: 11955.230 Thread 0x0000021b6e4e5d20 Exception <a 'java/io/FileNotFoundException'{0x00000000c66194a0}> (0x00000000c66194a0) 
thrown [s\src\hotspot\share\prims\jni.cpp, line 520]
Event: 11955.296 Thread 0x0000021b6e4e5d20 Exception <a 'java/io/FileNotFoundException'{0x00000000c651bb80}> (0x00000000c651bb80) 
thrown [s\src\hotspot\share\prims\jni.cpp, line 520]
Event: 12090.080 Thread 0x0000021b6e4e6a40 Exception <a 'java/lang/InterruptedException'{0x00000000c7ede5a0}: sleep interrupted> (0x00000000c7ede5a0) 
thrown [s\src\hotspot\share\prims\jvm.cpp, line 3074]
Event: 12090.992 Thread 0x0000021b6e43aa80 Exception <a 'sun/nio/fs/WindowsException'{0x00000000c8788b10}> (0x00000000c8788b10) 
thrown [s\src\hotspot\share\prims\jni.cpp, line 520]
Event: 12092.155 Thread 0x0000021b6e43aa80 Exception <a 'java/lang/NoClassDefFoundError'{0x00000000c750c7e8}: org/flywaydb/core/Flyway> (0x00000000c750c7e8) 
thrown [s\src\hotspot\share\oops\constantPool.cpp, line 873]
Event: 12092.155 Thread 0x0000021b6e43aa80 Exception <a 'java/lang/NoClassDefFoundError'{0x00000000c750ce48}: liquibase/integration/spring/SpringLiquibase> (0x00000000c750ce48) 
thrown [s\src\hotspot\share\oops\constantPool.cpp, line 873]
Event: 12092.327 Thread 0x0000021b6e43aa80 Exception <a 'java/io/FileNotFoundException'{0x00000000c7009440}> (0x00000000c7009440) 
thrown [s\src\hotspot\share\prims\jni.cpp, line 520]
Event: 12092.396 Thread 0x0000021b6e43aa80 Exception <a 'java/io/FileNotFoundException'{0x00000000c6f0b750}> (0x00000000c6f0b750) 
thrown [s\src\hotspot\share\prims\jni.cpp, line 520]
Event: 12167.044 Thread 0x0000021b6e4389b0 Exception <a 'java/lang/InterruptedException'{0x00000000c85ba048}: sleep interrupted> (0x00000000c85ba048) 
thrown [s\src\hotspot\share\prims\jvm.cpp, line 3074]
Event: 12168.857 Thread 0x0000021b6e4e5d20 Exception <a 'sun/nio/fs/WindowsException'{0x00000000c8776308}> (0x00000000c8776308) 
thrown [s\src\hotspot\share\prims\jni.cpp, line 520]
Event: 12170.677 Thread 0x0000021b6e4e5d20 Exception <a 'java/lang/NoClassDefFoundError'{0x00000000c76f99d8}: org/flywaydb/core/Flyway> (0x00000000c76f99d8) 
thrown [s\src\hotspot\share\oops\constantPool.cpp, line 873]
Event: 12170.679 Thread 0x0000021b6e4e5d20 Exception <a 'java/lang/NoClassDefFoundError'{0x00000000c76fa038}: liquibase/integration/spring/SpringLiquibase> (0x00000000c76fa038) 
thrown [s\src\hotspot\share\oops\constantPool.cpp, line 873]
Event: 12172.025 Thread 0x0000021b6e4e5d20 Exception <a 'java/io/FileNotFoundException'{0x00000000c71f5f78}> (0x00000000c71f5f78) 
thrown [s\src\hotspot\share\prims\jni.cpp, line 520]
Event: 12172.418 Thread 0x0000021b6e4e5d20 Exception <a 'java/io/FileNotFoundException'{0x00000000c70f85c8}> (0x00000000c70f85c8) 
thrown [s\src\hotspot\share\prims\jni.cpp, line 520]
Event: 12811.283 Thread 0x0000021b6e439d60 Exception <a 'java/lang/OutOfMemoryError'{0x00000000c8668b90}: unable to create native thread: possibly out of memory or process/resource limits reached> (0x00000000c8668b90) 
thrown [s\src\hotspot\share\prims\jvm.cpp, line 3013]
Event: 12812.400 Thread 0x0000021b6e4e7760 Exception <a 'java/lang/InterruptedException'{0x00000000c8537d88}: sleep interrupted> (0x00000000c8537d88) 
thrown [s\src\hotspot\share\prims\jvm.cpp, line 3074]

ZGC Phase Switch (0 events):
No events

VM Operations (20 events):
Event: 12287.921 Executing VM operation: Cleanup done
Event: 12325.006 Executing VM operation: HandshakeAllThreads (HandshakeForDeflation)
Event: 12325.011 Executing VM operation: HandshakeAllThreads (HandshakeForDeflation) done
Event: 12325.012 Executing VM operation: RendezvousGCThreads
Event: 12325.012 Executing VM operation: RendezvousGCThreads done
Event: 12345.199 Executing VM operation: Cleanup
Event: 12345.201 Executing VM operation: Cleanup done
Event: 12346.203 Executing VM operation: Cleanup
Event: 12346.203 Executing VM operation: Cleanup done
Event: 12353.255 Executing VM operation: Cleanup
Event: 12353.256 Executing VM operation: Cleanup done
Event: 12385.408 Executing VM operation: HandshakeAllThreads (HandshakeForDeflation)
Event: 12385.668 Executing VM operation: HandshakeAllThreads (HandshakeForDeflation) done
Event: 12385.674 Executing VM operation: RendezvousGCThreads
Event: 12385.679 Executing VM operation: RendezvousGCThreads done
Event: 12393.584 Executing VM operation: G1CollectForAllocation (G1 Evacuation Pause)
Event: 12393.650 Executing VM operation: G1CollectForAllocation (G1 Evacuation Pause) done
Event: 12762.232 Executing VM operation: G1CollectForAllocation (G1 Evacuation Pause)
Event: 12762.343 Executing VM operation: G1CollectForAllocation (G1 Evacuation Pause) done
Event: 12812.410 Executing VM operation: G1CollectFull (System.gc())

Memory protections (0 events):
No events

Nmethod flushes (20 events):
Event: 12168.411 Thread 0x0000021b6874f590 flushing  nmethod 0x0000021b61b1ea10
Event: 12168.412 Thread 0x0000021b6874f590 flushing  nmethod 0x0000021b614a1a10
Event: 12168.412 Thread 0x0000021b6874f590 flushing  nmethod 0x0000021b614ca690
Event: 12168.412 Thread 0x0000021b6874f590 flushing  nmethod 0x0000021b61a16e10
Event: 12168.412 Thread 0x0000021b6874f590 flushing  nmethod 0x0000021b61ae2910
Event: 12168.413 Thread 0x0000021b6874f590 flushing  nmethod 0x0000021b61aed710
Event: 12168.413 Thread 0x0000021b6874f590 flushing  nmethod 0x0000021b61aede10
Event: 12168.413 Thread 0x0000021b6874f590 flushing  nmethod 0x0000021b615c6810
Event: 12168.413 Thread 0x0000021b6874f590 flushing  nmethod 0x0000021b61805410
Event: 12168.413 Thread 0x0000021b6874f590 flushing  nmethod 0x0000021b61af1310
Event: 12168.413 Thread 0x0000021b6874f590 flushing  nmethod 0x0000021b61af4790
Event: 12168.414 Thread 0x0000021b6874f590 flushing  nmethod 0x0000021b61312210
Event: 12168.414 Thread 0x0000021b6874f590 flushing  nmethod 0x0000021b617c1510
Event: 12168.414 Thread 0x0000021b6874f590 flushing  nmethod 0x0000021b61af7d90
Event: 12168.414 Thread 0x0000021b6874f590 flushing  nmethod 0x0000021b61af9e10
Event: 12168.414 Thread 0x0000021b6874f590 flushing  nmethod 0x0000021b61afa110
Event: 12168.414 Thread 0x0000021b6874f590 flushing  nmethod 0x0000021b61afaf90
Event: 12168.414 Thread 0x0000021b6874f590 flushing  nmethod 0x0000021b61afb390
Event: 12168.414 Thread 0x0000021b6874f590 flushing  nmethod 0x0000021b61afe810
Event: 12168.414 Thread 0x0000021b6874f590 flushing  nmethod 0x0000021b61aff590

Events (20 events):
Event: 12174.023 Thread 0x0000021b6e4e5d20 Thread added: 0x0000021b6e43a3f0
Event: 12174.101 Thread 0x0000021b6e4e5d20 Thread exited: 0x0000021b6e4e5d20
Event: 12174.101 Thread 0x0000021b6e4eccb0 Thread exited: 0x0000021b6e4eccb0
Event: 12809.089 Thread 0x0000021b6e4e6a40 Thread added: 0x0000021b6e439d60
Event: 12809.094 Thread 0x0000021b6e4e6a40 Thread exited: 0x0000021b6e4e6a40
Event: 12812.134 Thread 0x0000021b6e43a3f0 Thread exited: 0x0000021b6e43a3f0
Event: 12812.143 Thread 0x0000021b6e436250 Thread exited: 0x0000021b6e436250
Event: 12812.151 Thread 0x0000021b6e437c90 Thread exited: 0x0000021b6e437c90
Event: 12812.156 Thread 0x0000021b6e4ebf90 Thread exited: 0x0000021b6e4ebf90
Event: 12812.157 Thread 0x0000021b6e4ea550 Thread exited: 0x0000021b6e4ea550
Event: 12812.157 Thread 0x0000021b6e4ec620 Thread exited: 0x0000021b6e4ec620
Event: 12812.157 Thread 0x0000021b6e438320 Thread exited: 0x0000021b6e438320
Event: 12812.158 Thread 0x0000021b6e4eb270 Thread exited: 0x0000021b6e4eb270
Event: 12812.158 Thread 0x0000021b6e4ed340 Thread exited: 0x0000021b6e4ed340
Event: 12812.158 Thread 0x0000021b6e4eb900 Thread exited: 0x0000021b6e4eb900
Event: 12812.158 Thread 0x0000021b6e4e70d0 Thread exited: 0x0000021b6e4e70d0
Event: 12812.160 Thread 0x0000021b6e4eabe0 Thread exited: 0x0000021b6e4eabe0
Event: 12812.399 Thread 0x0000021b6e4e63b0 Thread exited: 0x0000021b6e4e63b0
Event: 12812.400 Thread 0x0000021b6e4e9ec0 Thread exited: 0x0000021b6e4e9ec0
Event: 12812.401 Thread 0x0000021b6e4e7760 Thread exited: 0x0000021b6e4e7760


Dynamic libraries:
0x00007ff663460000 - 0x00007ff66346e000 	C:\Program Files\Eclipse Adoptium\jdk-21.0.4.7-hotspot\bin\java.exe
0x00007ffb6ca40000 - 0x00007ffb6cca6000 	C:\WINDOWS\SYSTEM32\ntdll.dll
0x00007ffb6b170000 - 0x00007ffb6b239000 	C:\WINDOWS\System32\KERNEL32.DLL
0x00007ffb6a0d0000 - 0x00007ffb6a49c000 	C:\WINDOWS\System32\KERNELBASE.dll
0x00007ffb69e40000 - 0x00007ffb69f8b000 	C:\WINDOWS\System32\ucrtbase.dll
0x00007ffb40e70000 - 0x00007ffb40e8b000 	C:\Program Files\Eclipse Adoptium\jdk-21.0.4.7-hotspot\bin\VCRUNTIME140.dll
0x00007ffb51850000 - 0x00007ffb51868000 	C:\Program Files\Eclipse Adoptium\jdk-21.0.4.7-hotspot\bin\jli.dll
0x00007ffb6afa0000 - 0x00007ffb6b16a000 	C:\WINDOWS\System32\USER32.dll
0x00007ffb69bd0000 - 0x00007ffb69bf7000 	C:\WINDOWS\System32\win32u.dll
0x00007ffb4fe10000 - 0x00007ffb500aa000 	C:\WINDOWS\WinSxS\amd64_microsoft.windows.common-controls_6595b64144ccf1df_6.0.26100.3912_none_3e07963ce335137e\COMCTL32.dll
0x00007ffb6b300000 - 0x00007ffb6b32b000 	C:\WINDOWS\System32\GDI32.dll
0x00007ffb6a620000 - 0x00007ffb6a752000 	C:\WINDOWS\System32\gdi32full.dll
0x00007ffb6bb60000 - 0x00007ffb6bc09000 	C:\WINDOWS\System32\msvcrt.dll
0x00007ffb6a020000 - 0x00007ffb6a0c3000 	C:\WINDOWS\System32\msvcp_win.dll
0x00007ffb6c990000 - 0x00007ffb6c9c0000 	C:\WINDOWS\System32\IMM32.DLL
0x00007ffb61b50000 - 0x00007ffb61b5c000 	C:\Program Files\Eclipse Adoptium\jdk-21.0.4.7-hotspot\bin\vcruntime140_1.dll
0x00007ffb40de0000 - 0x00007ffb40e6e000 	C:\Program Files\Eclipse Adoptium\jdk-21.0.4.7-hotspot\bin\msvcp140.dll
0x00007ffab1770000 - 0x00007ffab24f8000 	C:\Program Files\Eclipse Adoptium\jdk-21.0.4.7-hotspot\bin\server\jvm.dll
0x00007ffb6b240000 - 0x00007ffb6b2f2000 	C:\WINDOWS\System32\ADVAPI32.dll
0x00007ffb6a970000 - 0x00007ffb6aa16000 	C:\WINDOWS\System32\sechost.dll
0x00007ffb6c870000 - 0x00007ffb6c986000 	C:\WINDOWS\System32\RPCRT4.dll
0x00007ffb6c4f0000 - 0x00007ffb6c564000 	C:\WINDOWS\System32\WS2_32.dll
0x00007ffb69a20000 - 0x00007ffb69a7e000 	C:\WINDOWS\SYSTEM32\POWRPROF.dll
0x00007ffb5af30000 - 0x00007ffb5af66000 	C:\WINDOWS\SYSTEM32\WINMM.dll
0x00007ffb56210000 - 0x00007ffb5621b000 	C:\WINDOWS\SYSTEM32\VERSION.dll
0x00007ffb69a00000 - 0x00007ffb69a14000 	C:\WINDOWS\SYSTEM32\UMPDC.dll
0x00007ffb688f0000 - 0x00007ffb6890a000 	C:\WINDOWS\SYSTEM32\kernel.appcore.dll
0x00007ffb51840000 - 0x00007ffb5184a000 	C:\Program Files\Eclipse Adoptium\jdk-21.0.4.7-hotspot\bin\jimage.dll
0x00007ffb67380000 - 0x00007ffb675c1000 	C:\WINDOWS\SYSTEM32\DBGHELP.DLL
0x00007ffb6ab10000 - 0x00007ffb6ae94000 	C:\WINDOWS\System32\combase.dll
0x00007ffb6c580000 - 0x00007ffb6c660000 	C:\WINDOWS\System32\OLEAUT32.dll
0x00007ffb4a980000 - 0x00007ffb4a9b9000 	C:\WINDOWS\SYSTEM32\dbgcore.DLL
0x00007ffb6a760000 - 0x00007ffb6a7f9000 	C:\WINDOWS\System32\bcryptPrimitives.dll
0x00007ffb40dc0000 - 0x00007ffb40ddf000 	C:\Program Files\Eclipse Adoptium\jdk-21.0.4.7-hotspot\bin\java.dll
0x00007ffb6bdc0000 - 0x00007ffb6c4ed000 	C:\WINDOWS\System32\SHELL32.dll
0x00007ffb69cc0000 - 0x00007ffb69e34000 	C:\WINDOWS\System32\wintypes.dll
0x00007ffb67800000 - 0x00007ffb68056000 	C:\WINDOWS\SYSTEM32\windows.storage.dll
0x00007ffb6aea0000 - 0x00007ffb6af8f000 	C:\WINDOWS\System32\SHCORE.dll
0x00007ffb6c680000 - 0x00007ffb6c6e9000 	C:\WINDOWS\System32\shlwapi.dll
0x00007ffb69ae0000 - 0x00007ffb69b0f000 	C:\WINDOWS\SYSTEM32\profapi.dll
0x00007ffb4cd00000 - 0x00007ffb4cd10000 	C:\Program Files\Eclipse Adoptium\jdk-21.0.4.7-hotspot\bin\net.dll
0x00007ffb61910000 - 0x00007ffb61a2e000 	C:\WINDOWS\SYSTEM32\WINHTTP.dll
0x00007ffb68ea0000 - 0x00007ffb68f0a000 	C:\WINDOWS\system32\mswsock.dll
0x00007ffb40cc0000 - 0x00007ffb40cd6000 	C:\Program Files\Eclipse Adoptium\jdk-21.0.4.7-hotspot\bin\nio.dll
0x00007ffb40ca0000 - 0x00007ffb40cb8000 	C:\Program Files\Eclipse Adoptium\jdk-21.0.4.7-hotspot\bin\zip.dll
0x00007ffb40c90000 - 0x00007ffb40c9a000 	C:\Program Files\Eclipse Adoptium\jdk-21.0.4.7-hotspot\bin\management.dll
0x00007ffb40c80000 - 0x00007ffb40c8b000 	C:\Program Files\Eclipse Adoptium\jdk-21.0.4.7-hotspot\bin\management_ext.dll
0x00007ffb6c670000 - 0x00007ffb6c678000 	C:\WINDOWS\System32\PSAPI.DLL
0x00007ffb40820000 - 0x00007ffb4082e000 	C:\Program Files\Eclipse Adoptium\jdk-21.0.4.7-hotspot\bin\sunmscapi.dll
0x00007ffb6a4a0000 - 0x00007ffb6a617000 	C:\WINDOWS\System32\CRYPT32.dll
0x00007ffb693b0000 - 0x00007ffb693e0000 	C:\WINDOWS\SYSTEM32\ncrypt.dll
0x00007ffb69360000 - 0x00007ffb6939f000 	C:\WINDOWS\SYSTEM32\NTASN1.dll
0x00007ffb69260000 - 0x00007ffb6927c000 	C:\WINDOWS\SYSTEM32\CRYPTSP.dll
0x00007ffb688b0000 - 0x00007ffb688ea000 	C:\WINDOWS\system32\rsaenh.dll
0x00007ffb68f40000 - 0x00007ffb68f6b000 	C:\WINDOWS\SYSTEM32\USERENV.dll
0x00007ffb69ab0000 - 0x00007ffb69ad6000 	C:\WINDOWS\SYSTEM32\bcrypt.dll
0x00007ffb69240000 - 0x00007ffb6924c000 	C:\WINDOWS\SYSTEM32\CRYPTBASE.dll
0x00007ffb68370000 - 0x00007ffb683a3000 	C:\WINDOWS\SYSTEM32\IPHLPAPI.DLL
0x00007ffb6c700000 - 0x00007ffb6c70a000 	C:\WINDOWS\System32\NSI.dll
0x00007ffb40810000 - 0x00007ffb40819000 	C:\Program Files\Eclipse Adoptium\jdk-21.0.4.7-hotspot\bin\extnet.dll
0x00007ffb426a0000 - 0x00007ffb426a8000 	C:\WINDOWS\system32\wshunix.dll

dbghelp: loaded successfully - version: 4.0.5 - missing functions: none
symbol engine: initialized successfully - sym options: 0x614 - pdb path: .;C:\Program Files\Eclipse Adoptium\jdk-21.0.4.7-hotspot\bin;C:\WINDOWS\SYSTEM32;C:\WINDOWS\WinSxS\amd64_microsoft.windows.common-controls_6595b64144ccf1df_6.0.26100.3912_none_3e07963ce335137e;C:\Program Files\Eclipse Adoptium\jdk-21.0.4.7-hotspot\bin\server

VM Arguments:
jvm_args: -XX:TieredStopAtLevel=1 
java_command: com.ucc.backend.BackendApplication
java_class_path (initial): C:\Users\Manu3l\Desktop\jenkins_real\BirdUcc\Backend\target\classes;C:\Users\Manu3l\.m2\repository\ch\qos\logback\logback-classic\1.5.18\logback-classic-1.5.18.jar;C:\Users\Manu3l\.m2\repository\ch\qos\logback\logback-core\1.5.18\logback-core-1.5.18.jar;C:\Users\Manu3l\.m2\repository\org\apache\logging\log4j\log4j-to-slf4j\2.24.3\log4j-to-slf4j-2.24.3.jar;C:\Users\Manu3l\.m2\repository\org\apache\logging\log4j\log4j-api\2.24.3\log4j-api-2.24.3.jar;C:\Users\Manu3l\.m2\repository\org\slf4j\jul-to-slf4j\2.0.17\jul-to-slf4j-2.0.17.jar;C:\Users\Manu3l\.m2\repository\jakarta\annotation\jakarta.annotation-api\2.1.1\jakarta.annotation-api-2.1.1.jar;C:\Users\Manu3l\.m2\repository\org\yaml\snakeyaml\2.3\snakeyaml-2.3.jar;C:\Users\Manu3l\.m2\repository\com\fasterxml\jackson\core\jackson-databind\2.18.3\jackson-databind-2.18.3.jar;C:\Users\Manu3l\.m2\repository\com\fasterxml\jackson\core\jackson-annotations\2.18.3\jackson-annotations-2.18.3.jar;C:\Users\Manu3l\.m2\repository\com\fasterxml\jackson\core\jackson-core\2.18.3\jackson-core-2.18.3.jar;C:\Users\Manu3l\.m2\repository\com\fasterxml\jackson\datatype\jackson-datatype-jdk8\2.18.3\jackson-datatype-jdk8-2.18.3.jar;C:\Users\Manu3l\.m2\repository\com\fasterxml\jackson\datatype\jackson-datatype-jsr310\2.18.3\jackson-datatype-jsr310-2.18.3.jar;C:\Users\Manu3l\.m2\repository\com\fasterxml\jackson\module\jackson-module-parameter-names\2.18.3\jackson-module-parameter-names-2.18.3.jar;C:\Users\Manu3l\.m2\repository\org\apache\tomcat\embed\tomcat-embed-core\10.1.39\tomcat-embed-core-10.1.39.jar;C:\Users\Manu3l\.m2\repository\org\apache\tomcat\embed\tomcat-embed-el\10.1.39\tomcat-embed-el-10.1.39.jar;C:\Users\Manu3l\.m2\repository\org\apache\tomcat\embed\tomcat-embed-websocket\10.1.39\tomcat-embed-websocket-10.1.39.jar;C:\Users\Manu3l\.m2\repository\org\springframework\spring-web\6.2.5\spring-web-6.2.5.jar;C:\Users\Manu3l\.m2\repository\org\springframework\spring-beans\6.2.5\spring-beans-6.2.5.jar;C:\Users\Manu3l\.m2\repository\io\micrometer\micrometer-observation\1.14.5\micrometer-observation-1.14.5.jar;C:\Users\Manu3l\.m2\repository\io\micrometer\micrometer-commons\1.14.5\micrometer-commons-1.14.5.jar;C:\Users\Manu3l\.m2\repository\org\springframework\spring-webmvc\6.2.5\spring-webmvc-6.2.5.jar;C:\Users\Manu3l\.m2\repository\org\springframework\spring-aop\6.2.5\spring-aop-6.2.5.jar;C:\Users\Manu3l\.m2\repository\org\springframework\spring-context\6.2.5\spring-context-6.2.5.jar;C:\Users\Manu3l\.m2\repository\org\springframework\spring-expression\6.2.5\spring-expression-6.2.5.jar;C:\Users\Manu3l\.m2\repository\io\projectreactor\netty\reactor-netty-http\1.2.4\reactor-netty-http-1.2.4.jar;C:\Users\Manu3l\.m2\repository\io\netty\netty-codec-http\4.1.119.Final\netty-codec-http-4.1.119.Final.jar;C:\Users\Manu3l\.m2\repository\io\netty\netty-common\4.1.119.Final\netty-common-4.1.119.Final.jar;C:\Users\Manu3l\.m2\repository\io\netty\netty-buffer\4.1.119.Final\netty-buffer-4.1.119.Final.jar;C:\Users\Manu3l\.m2\repository\io\netty\netty-transport\4.1.119.Final\netty-transport-4.1.119.Final.jar;C:\Users\Manu3l\.m2\repository\io\netty\netty-codec\4.1.119.Final\netty-codec-4.1.119.Final.jar;C:\Users\Manu3l\.m2\repository\io\netty\netty-handler\4.1.119.Final\netty-handler-4.1.119.Final.jar;C:\Users\Manu3l\.m2\repository\io\netty\netty-codec-http2\4.1.119.Final\netty-codec-http2-4.1.119.Final.jar;C:\Users\Manu3l\.m2\repository\io\netty\netty-resolver-dns\4.1.119.Final\netty-resolver-dns-4.1.119.Final.jar;C:\Users\Manu3l\.m2\repository\io\netty\netty-resolver\4.1.119.Final\netty-resolver-4.1.119.Final.jar;C:\Users\Manu3l\.m2\repository\io\netty\netty-codec-dns\4.1.119.Final\netty-codec-dns-4.1.119.Final.jar;C:\Users\Manu3l\.m2\repository\io\netty\netty-resolver-dns-native-macos\4.1.119.Final\netty-resolver-dns-native-macos-4.1.119.Final-osx-x86_64.jar;C:\Users\Manu3l\.m2\repository\io\netty\netty-resolver-dns-classes-macos\4.1.119.Final\netty-resolver-dns-classes-macos-4.1.119.Final.jar;C:\Users\Manu3l\.m2\repository\io\netty\netty-transport-native-epoll\4.1.119.Final\netty-transport-native-epoll-4.1.119.Final-linux-x86_64.jar;C:\Users\Manu3l\.m2\repository\io\netty\netty-transport-native-unix-common\4.1.119.Final\netty-transport-native-unix-common-4.1.119.Final.jar;C:\Users\Manu3l\.m2\repository\io\netty\netty-transport-classes-epoll\4.1.119.Final\netty-transport-classes-epoll-4.1.119.Final.jar;C:\Users\Manu3l\.m2\repository\io\projectreactor\netty\reactor-netty-core\1.2.4\reactor-netty-core-1.2.4.jar;C:\Users\Manu3l\.m2\repository\io\netty\netty-handler-proxy\4.1.119.Final\netty-handler-proxy-4.1.119.Final.jar;C:\Users\Manu3l\.m2\repository\io\netty\netty-codec-socks\4.1.119.Final\netty-codec-socks-4.1.119.Final.jar;C:\Users\Manu3l\.m2\repository\org\springframework\spring-webflux\6.2.5\spring-webflux-6.2.5.jar;C:\Users\Manu3l\.m2\repository\org\springframework\boot\spring-boot-devtools\3.4.4\spring-boot-devtools-3.4.4.jar;C:\Users\Manu3l\.m2\repository\org\springframework\boot\spring-boot\3.4.4\spring-boot-3.4.4.jar;C:\Users\Manu3l\.m2\repository\org\springframework\boot\spring-boot-autoconfigure\3.4.4\spring-boot-autoconfigure-3.4.4.jar;C:\Users\Manu3l\.m2\repository\org\slf4j\slf4j-api\2.0.17\slf4j-api-2.0.17.jar;C:\Users\Manu3l\.m2\repository\org\springframework\spring-core\6.2.5\spring-core-6.2.5.jar;C:\Users\Manu3l\.m2\repository\org\springframework\spring-jcl\6.2.5\spring-jcl-6.2.5.jar;C:\Users\Manu3l\.m2\repository\io\projectreactor\reactor-core\3.7.4\reactor-core-3.7.4.jar;C:\Users\Manu3l\.m2\repository\org\reactivestreams\reactive-streams\1.0.4\reactive-streams-1.0.4.jar
Launcher Type: SUN_STANDARD

[Global flags]
     intx CICompilerCount                          = 4                                         {product} {ergonomic}
     uint ConcGCThreads                            = 2                                         {product} {ergonomic}
     uint G1ConcRefinementThreads                  = 8                                         {product} {ergonomic}
   size_t G1HeapRegionSize                         = 1048576                                   {product} {ergonomic}
    uintx GCDrainStackTargetSize                   = 64                                        {product} {ergonomic}
   size_t InitialHeapSize                          = 62914560                                  {product} {ergonomic}
   size_t MarkStackSize                            = 4194304                                   {product} {ergonomic}
   size_t MaxHeapSize                              = 994050048                                 {product} {ergonomic}
   size_t MaxNewSize                               = 595591168                                 {product} {ergonomic}
   size_t MinHeapDeltaBytes                        = 1048576                                   {product} {ergonomic}
   size_t MinHeapSize                              = 8388608                                   {product} {ergonomic}
    uintx NonNMethodCodeHeapSize                   = 4096                                   {pd product} {ergonomic}
    uintx NonProfiledCodeHeapSize                  = 0                                      {pd product} {ergonomic}
     bool ProfileInterpreter                       = false                                  {pd product} {command line}
    uintx ProfiledCodeHeapSize                     = 0                                      {pd product} {ergonomic}
   size_t SoftMaxHeapSize                          = 994050048                              {manageable} {ergonomic}
     intx TieredStopAtLevel                        = 1                                         {product} {command line}
     bool UseCompressedOops                        = true                           {product lp64_product} {ergonomic}
     bool UseG1GC                                  = true                                      {product} {ergonomic}
     bool UseLargePagesIndividualAllocation        = false                                  {pd product} {ergonomic}

Logging:
Log output configuration:
 #0: stdout all=warning uptime,level,tags foldmultilines=false
 #1: stderr all=off uptime,level,tags foldmultilines=false

Environment Variables:
PATH=C:\Users\Manu3l\bin;D:\Git\Git\mingw64\bin;D:\Git\Git\usr\local\bin;D:\Git\Git\usr\bin;D:\Git\Git\usr\bin;D:\Git\Git\mingw64\bin;D:\Git\Git\usr\bin;C:\Users\Manu3l\bin;D:\Python\Scripts;D:\Python;C:\Program Files\Eclipse Adoptium\jdk-21.0.4.7-hotspot\bin;C:\Program Files\Common Files\Oracle\Java\javapath;C:\Program Files (x86)\Common Files\Oracle\Java\java8path;C:\Program Files (x86)\Common Files\Oracle\Java\javapath;C:\WINDOWS\system32;C:\WINDOWS;C:\WINDOWS\System32\Wbem;C:\WINDOWS\System32\WindowsPowerShell\v1.0;C:\WINDOWS\System32\OpenSSH;C:\Program Files\nodejs;D:\Git\Git\cmd;D:\Git\Git\usr\bin;D:\Git\Git\usr\bin;C:\ProgramData\chocolatey\bin;C:\Program Files\nodejs;C:\Program Files\dotnet;C:\Users\Manu3l\AppData\Local\Microsoft\WindowsApps;C:\Users\Manu3l\AppData\Local\GitHubDesktop\bin;D:\Microsoft VS Code\bin;C:\Users\Manu3l\AppData\Roaming\npm;D:\Python;D:\Python\Scripts;C:\Users\Manu3l\AppData\Local\Muse Hub\lib;D:\Git\Git\usr\bin\vendor_perl;D:\Git\Git\usr\bin\core_perl
USERNAME=MVR
SHELL=D:\Git\Git\usr\bin\bash.exe
DISPLAY=needs-to-be-defined
LANG=en_US.UTF-8
TERM=xterm-256color
TMPDIR=C:\Users\Manu3l\AppData\Local\Temp
OS=Windows_NT
PROCESSOR_IDENTIFIER=Intel64 Family 6 Model 140 Stepping 1, GenuineIntel
TMP=C:\Users\Manu3l\AppData\Local\Temp
TEMP=C:\Users\Manu3l\AppData\Local\Temp




Periodic native trim disabled

---------------  S Y S T E M  ---------------

OS:
 Windows 11 , 64 bit Build 26100 (10.0.26100.3912)
OS uptime: 1 days 13:04 hours
Hyper-V role detected

CPU: total 8 (initial active 8) (4 cores per cpu, 2 threads per core) family 6 model 140 stepping 1 microcode 0xa4, cx8, cmov, fxsr, ht, mmx, 3dnowpref, sse, sse2, sse3, ssse3, sse4.1, sse4.2, popcnt, lzcnt, tsc, tscinvbit, avx, avx2, aes, erms, clmul, bmi1, bmi2, adx, avx512f, avx512dq, avx512cd, avx512bw, avx512vl, sha, fma, vzeroupper, avx512_vpopcntdq, avx512_vpclmulqdq, avx512_vaes, avx512_vnni, clflush, clflushopt, clwb, avx512_vbmi2, avx512_vbmi, hv, rdtscp, rdpid, fsrm, gfni, avx512_bitalg, f16c, cet_ibt, cet_ss, avx512_ifma
Processor Information for processor 0
  Max Mhz: 2419, Current Mhz: 1209, Mhz Limit: 2419
Processor Information for processor 1
  Max Mhz: 2419, Current Mhz: 1209, Mhz Limit: 2419
Processor Information for processor 2
  Max Mhz: 2419, Current Mhz: 2419, Mhz Limit: 2419
Processor Information for processor 3
  Max Mhz: 2419, Current Mhz: 1209, Mhz Limit: 2419
Processor Information for processor 4
  Max Mhz: 2419, Current Mhz: 1209, Mhz Limit: 2419
Processor Information for processor 5
  Max Mhz: 2419, Current Mhz: 2419, Mhz Limit: 2419
Processor Information for processor 6
  Max Mhz: 2419, Current Mhz: 2419, Mhz Limit: 2419
Processor Information for processor 7
  Max Mhz: 2419, Current Mhz: 2419, Mhz Limit: 2419

Memory: 4k page, system-wide physical 3790M (179M free)
TotalPageFile size 15566M (AvailPageFile size 0M)
current process WorkingSet (physical memory assigned to process): 41M, peak: 134M
current process commit charge ("private bytes"): 200M, peak: 262M

vm_info: OpenJDK 64-Bit Server VM (21.0.4+7-LTS) for windows-amd64 JRE (21.0.4+7-LTS), built on 2024-07-16T00:00:00Z by "admin" with MS VC++ 17.7 (VS2022)

END.
