#
# There is insufficient memory for the Java Runtime Environment to continue.
# Native memory allocation (malloc) failed to allocate 2044080 bytes. Error detail: Chunk::new
# Possible reasons:
#   The system is out of physical RAM or swap space
#   This process is running with CompressedOops enabled, and the Java Heap may be blocking the growth of the native heap
# Possible solutions:
#   Reduce memory load on the system
#   Increase physical memory or swap space
#   Check if swap backing store is full
#   Decrease Java heap size (-Xmx/-Xms)
#   Decrease number of Java threads
#   Decrease Java thread stack sizes (-Xss)
#   Set larger code cache with -XX:ReservedCodeCacheSize=
#   JVM is running with Unscaled Compressed Oops mode in which the Java heap is
#     placed in the first 4GB address space. The Java Heap base address is the
#     maximum limit for the native heap growth. Please use -XX:HeapBaseMinAddress
#     to set the Java Heap base and to place the Java Heap above 4GB virtual address.
# This output file may be truncated or incomplete.
#
#  Out of Memory Error (arena.cpp:168), pid=15796, tid=4532
#
# JRE version: OpenJDK Runtime Environment Temurin-21.0.4+7 (21.0.4+7) (build 21.0.4+7-LTS)
# Java VM: OpenJDK 64-Bit Server VM Temurin-21.0.4+7 (21.0.4+7-LTS, mixed mode, sharing, tiered, compressed oops, compressed class ptrs, g1 gc, windows-amd64)
# No core dump will be written. Minidumps are not enabled by default on client versions of Windows
#

---------------  S U M M A R Y ------------

Command Line: -Dclassworlds.conf=C:/Users/Manu3l/.m2/wrapper/dists/apache-maven-3.9.9/3477a4f1/bin/m2.conf -Dmaven.home=C:/Users/Manu3l/.m2/wrapper/dists/apache-maven-3.9.9/3477a4f1 -Dlibrary.jansi.path=C:/Users/Manu3l/.m2/wrapper/dists/apache-maven-3.9.9/3477a4f1/lib/jansi-native -Dmaven.multiModuleProjectDirectory=C:/Users/Manu3l/Desktop/jenkins_real/BirdUcc/Backend org.codehaus.plexus.classworlds.launcher.Launcher spring-boot:run

Host: 11th Gen Intel(R) Core(TM) i5-1135G7 @ 2.40GHz, 8 cores, 3G,  Windows 11 , 64 bit Build 26100 (10.0.26100.3912)
Time: Thu May  1 15:52:12 2025 Hora est. Pacífico, Sudamérica elapsed time: 8.213990 seconds (0d 0h 0m 8s)

---------------  T H R E A D  ---------------

Current thread (0x00000206bd7c3800):  JavaThread "C2 CompilerThread0" daemon [_thread_in_native, id=4532, stack(0x0000002e52200000,0x0000002e52300000) (1024K)]


Current CompileTask:
C2:   8214 4995       4       java.lang.invoke.MethodType::makeImpl (109 bytes)

Stack: [0x0000002e52200000,0x0000002e52300000]
Native frames: (J=compiled Java code, j=interpreted, Vv=VM code, C=native code)
V  [jvm.dll+0x6cbcf9]
V  [jvm.dll+0x8a5551]
V  [jvm.dll+0x8a7a7e]
V  [jvm.dll+0x8a8153]
V  [jvm.dll+0x27eca6]
V  [jvm.dll+0xc4aad]
V  [jvm.dll+0xc4fe3]
V  [jvm.dll+0x3b513c]
V  [jvm.dll+0x3815a5]
V  [jvm.dll+0x380a0a]
V  [jvm.dll+0x247110]
V  [jvm.dll+0x2466ef]
V  [jvm.dll+0x1c6f7e]
V  [jvm.dll+0x255e7a]
V  [jvm.dll+0x25441a]
V  [jvm.dll+0x3eeef6]
V  [jvm.dll+0x84f17b]
V  [jvm.dll+0x6ca3fd]
C  [ucrtbase.dll+0x37b0]
C  [KERNEL32.DLL+0x2e8d7]
C  [ntdll.dll+0x9c5dc]


---------------  P R O C E S S  ---------------

Threads class SMR info:
_java_thread_list=0x00000206842f60d0, length=12, elements={
0x000002069fd86370, 0x00000206bd7a95e0, 0x00000206bd7ac150, 0x00000206bd7aed70,
0x00000206bd7b2a00, 0x00000206bd7b4390, 0x00000206bd7b5bd0, 0x00000206bd7c3800,
0x00000206bd7e4c00, 0x00000206bdad26d0, 0x00000206bdad74e0, 0x000002068438c590
}

Java Threads: ( => current thread )
  0x000002069fd86370 JavaThread "main"                              [_thread_in_native, id=17664, stack(0x0000002e51400000,0x0000002e51500000) (1024K)]
  0x00000206bd7a95e0 JavaThread "Reference Handler"          daemon [_thread_blocked, id=4812, stack(0x0000002e51c00000,0x0000002e51d00000) (1024K)]
  0x00000206bd7ac150 JavaThread "Finalizer"                  daemon [_thread_blocked, id=8456, stack(0x0000002e51d00000,0x0000002e51e00000) (1024K)]
  0x00000206bd7aed70 JavaThread "Signal Dispatcher"          daemon [_thread_blocked, id=17944, stack(0x0000002e51e00000,0x0000002e51f00000) (1024K)]
  0x00000206bd7b2a00 JavaThread "Attach Listener"            daemon [_thread_blocked, id=12716, stack(0x0000002e51f00000,0x0000002e52000000) (1024K)]
  0x00000206bd7b4390 JavaThread "Service Thread"             daemon [_thread_blocked, id=23348, stack(0x0000002e52000000,0x0000002e52100000) (1024K)]
  0x00000206bd7b5bd0 JavaThread "Monitor Deflation Thread"   daemon [_thread_blocked, id=20608, stack(0x0000002e52100000,0x0000002e52200000) (1024K)]
=>0x00000206bd7c3800 JavaThread "C2 CompilerThread0"         daemon [_thread_in_native, id=4532, stack(0x0000002e52200000,0x0000002e52300000) (1024K)]
  0x00000206bd7e4c00 JavaThread "C1 CompilerThread0"         daemon [_thread_blocked, id=16720, stack(0x0000002e52300000,0x0000002e52400000) (1024K)]
  0x00000206bdad26d0 JavaThread "Notification Thread"        daemon [_thread_blocked, id=8792, stack(0x0000002e52400000,0x0000002e52500000) (1024K)]
  0x00000206bdad74e0 JavaThread "Common-Cleaner"             daemon [_thread_blocked, id=24096, stack(0x0000002e52500000,0x0000002e52600000) (1024K)]
  0x000002068438c590 JavaThread "Thread-1"                   daemon [_thread_blocked, id=4412, stack(0x0000002e52d00000,0x0000002e52e00000) (1024K)]
Total: 12

Other Threads:
  0x00000206bd78c100 VMThread "VM Thread"                           [id=9532, stack(0x0000002e51b00000,0x0000002e51c00000) (1024K)]
  0x00000206bd76c2c0 WatcherThread "VM Periodic Task Thread"        [id=17840, stack(0x0000002e51a00000,0x0000002e51b00000) (1024K)]
  0x00000206a2163ec0 WorkerThread "GC Thread#0"                     [id=25336, stack(0x0000002e51500000,0x0000002e51600000) (1024K)]
  0x00000206ff363c00 WorkerThread "GC Thread#1"                     [id=23800, stack(0x0000002e52600000,0x0000002e52700000) (1024K)]
  0x00000206840faf60 WorkerThread "GC Thread#2"                     [id=14984, stack(0x0000002e52700000,0x0000002e52800000) (1024K)]
  0x00000206840d6460 WorkerThread "GC Thread#3"                     [id=20856, stack(0x0000002e52800000,0x0000002e52900000) (1024K)]
  0x00000206840d6e10 WorkerThread "GC Thread#4"                     [id=7992, stack(0x0000002e52900000,0x0000002e52a00000) (1024K)]
  0x00000206840d91c0 WorkerThread "GC Thread#5"                     [id=25960, stack(0x0000002e52a00000,0x0000002e52b00000) (1024K)]
  0x00000206840da380 WorkerThread "GC Thread#6"                     [id=19672, stack(0x0000002e52b00000,0x0000002e52c00000) (1024K)]
  0x00000206840da720 WorkerThread "GC Thread#7"                     [id=22196, stack(0x0000002e52c00000,0x0000002e52d00000) (1024K)]
  0x00000206a216f2c0 ConcurrentGCThread "G1 Main Marker"            [id=19540, stack(0x0000002e51600000,0x0000002e51700000) (1024K)]
  0x00000206a2170470 WorkerThread "G1 Conc#0"                       [id=14324, stack(0x0000002e51700000,0x0000002e51800000) (1024K)]
  0x00000206ff7c52b0 WorkerThread "G1 Conc#1"                       [id=13160, stack(0x0000002e52e00000,0x0000002e52f00000) (1024K)]
  0x00000206a21dba00 ConcurrentGCThread "G1 Refine#0"               [id=21292, stack(0x0000002e51800000,0x0000002e51900000) (1024K)]
  0x00000206a21dd330 ConcurrentGCThread "G1 Service"                [id=16228, stack(0x0000002e51900000,0x0000002e51a00000) (1024K)]
Total: 15

Threads with active compile tasks:
C2 CompilerThread0     8238 4995       4       java.lang.invoke.MethodType::makeImpl (109 bytes)
Total: 1

VM state: not at safepoint (normal execution)

VM Mutex/Monitor currently owned by a thread: None

Heap address: 0x00000000c4c00000, size: 948 MB, Compressed Oops mode: 32-bit

CDS archive(s) mapped at: [0x00000206be000000-0x00000206bec90000-0x00000206bec90000), size 13172736, SharedBaseAddress: 0x00000206be000000, ArchiveRelocationMode: 1.
Compressed class space mapped at: 0x00000206bf000000-0x00000206ff000000, reserved size: 1073741824
Narrow klass base: 0x00000206be000000, Narrow klass shift: 0, Narrow klass range: 0x100000000

GC Precious Log:
 CardTable entry size: 512
 Card Set container configuration: InlinePtr #cards 5 size 8 Array Of Cards #cards 12 size 40 Howl #buckets 4 coarsen threshold 1843 Howl Bitmap #cards 512 size 80 coarsen threshold 460 Card regions per heap region 1 cards per card region 2048
 CPUs: 8 total, 8 available
 Memory: 3790M
 Large Page Support: Disabled
 NUMA Support: Disabled
 Compressed Oops: Enabled (32-bit)
 Heap Region Size: 1M
 Heap Min Capacity: 8M
 Heap Initial Capacity: 60M
 Heap Max Capacity: 948M
 Pre-touch: Disabled
 Parallel Workers: 8
 Concurrent Workers: 2
 Concurrent Refinement Workers: 8
 Periodic GC: Disabled

Heap:
 garbage-first heap   total 80896K, used 38702K [0x00000000c4c00000, 0x0000000100000000)
  region size 1024K, 27 young (27648K), 3 survivors (3072K)
 Metaspace       used 19737K, committed 20096K, reserved 1114112K
  class space    used 2220K, committed 2432K, reserved 1048576K

Heap Regions: E=young(eden), S=young(survivor), O=old, HS=humongous(starts), HC=humongous(continues), CS=collection set, F=free, TAMS=top-at-mark-start, PB=parsable bottom
|   0|0x00000000c4c00000, 0x00000000c4d00000, 0x00000000c4d00000|100%| O|  |TAMS 0x00000000c4c00000| PB 0x00000000c4c00000| Untracked 
|   1|0x00000000c4d00000, 0x00000000c4e00000, 0x00000000c4e00000|100%| O|  |TAMS 0x00000000c4d00000| PB 0x00000000c4d00000| Untracked 
|   2|0x00000000c4e00000, 0x00000000c4f00000, 0x00000000c4f00000|100%| O|  |TAMS 0x00000000c4e00000| PB 0x00000000c4e00000| Untracked 
|   3|0x00000000c4f00000, 0x00000000c5000000, 0x00000000c5000000|100%| O|Cm|TAMS 0x00000000c4f00000| PB 0x00000000c4f00000| Complete 
|   4|0x00000000c5000000, 0x00000000c5100000, 0x00000000c5100000|100%| O|  |TAMS 0x00000000c5000000| PB 0x00000000c5000000| Untracked 
|   5|0x00000000c5100000, 0x00000000c5200000, 0x00000000c5200000|100%| O|  |TAMS 0x00000000c5100000| PB 0x00000000c5100000| Untracked 
|   6|0x00000000c5200000, 0x00000000c5300000, 0x00000000c5300000|100%| O|  |TAMS 0x00000000c5200000| PB 0x00000000c5200000| Untracked 
|   7|0x00000000c5300000, 0x00000000c5400000, 0x00000000c5400000|100%| O|  |TAMS 0x00000000c5300000| PB 0x00000000c5300000| Untracked 
|   8|0x00000000c5400000, 0x00000000c5500000, 0x00000000c5500000|100%| O|  |TAMS 0x00000000c5400000| PB 0x00000000c5400000| Untracked 
|   9|0x00000000c5500000, 0x00000000c5600000, 0x00000000c5600000|100%| O|  |TAMS 0x00000000c5500000| PB 0x00000000c5500000| Untracked 
|  10|0x00000000c5600000, 0x00000000c5700000, 0x00000000c5700000|100%| O|  |TAMS 0x00000000c5600000| PB 0x00000000c5600000| Untracked 
|  11|0x00000000c5700000, 0x00000000c5800000, 0x00000000c5800000|100%| O|  |TAMS 0x00000000c5700000| PB 0x00000000c5700000| Untracked 
|  12|0x00000000c5800000, 0x00000000c5900000, 0x00000000c5900000|100%| O|  |TAMS 0x00000000c5800000| PB 0x00000000c5800000| Untracked 
|  13|0x00000000c5900000, 0x00000000c5900000, 0x00000000c5a00000|  0%| F|  |TAMS 0x00000000c5900000| PB 0x00000000c5900000| Untracked 
|  14|0x00000000c5a00000, 0x00000000c5a00000, 0x00000000c5b00000|  0%| F|  |TAMS 0x00000000c5a00000| PB 0x00000000c5a00000| Untracked 
|  15|0x00000000c5b00000, 0x00000000c5b00000, 0x00000000c5c00000|  0%| F|  |TAMS 0x00000000c5b00000| PB 0x00000000c5b00000| Untracked 
|  16|0x00000000c5c00000, 0x00000000c5c00000, 0x00000000c5d00000|  0%| F|  |TAMS 0x00000000c5c00000| PB 0x00000000c5c00000| Untracked 
|  17|0x00000000c5d00000, 0x00000000c5d00000, 0x00000000c5e00000|  0%| F|  |TAMS 0x00000000c5d00000| PB 0x00000000c5d00000| Untracked 
|  18|0x00000000c5e00000, 0x00000000c5e00000, 0x00000000c5f00000|  0%| F|  |TAMS 0x00000000c5e00000| PB 0x00000000c5e00000| Untracked 
|  19|0x00000000c5f00000, 0x00000000c5f00000, 0x00000000c6000000|  0%| F|  |TAMS 0x00000000c5f00000| PB 0x00000000c5f00000| Untracked 
|  20|0x00000000c6000000, 0x00000000c6000000, 0x00000000c6100000|  0%| F|  |TAMS 0x00000000c6000000| PB 0x00000000c6000000| Untracked 
|  21|0x00000000c6100000, 0x00000000c6100000, 0x00000000c6200000|  0%| F|  |TAMS 0x00000000c6100000| PB 0x00000000c6100000| Untracked 
|  22|0x00000000c6200000, 0x00000000c6200000, 0x00000000c6300000|  0%| F|  |TAMS 0x00000000c6200000| PB 0x00000000c6200000| Untracked 
|  23|0x00000000c6300000, 0x00000000c6300000, 0x00000000c6400000|  0%| F|  |TAMS 0x00000000c6300000| PB 0x00000000c6300000| Untracked 
|  24|0x00000000c6400000, 0x00000000c6400000, 0x00000000c6500000|  0%| F|  |TAMS 0x00000000c6400000| PB 0x00000000c6400000| Untracked 
|  25|0x00000000c6500000, 0x00000000c6500000, 0x00000000c6600000|  0%| F|  |TAMS 0x00000000c6500000| PB 0x00000000c6500000| Untracked 
|  26|0x00000000c6600000, 0x00000000c6600000, 0x00000000c6700000|  0%| F|  |TAMS 0x00000000c6600000| PB 0x00000000c6600000| Untracked 
|  27|0x00000000c6700000, 0x00000000c6700000, 0x00000000c6800000|  0%| F|  |TAMS 0x00000000c6700000| PB 0x00000000c6700000| Untracked 
|  28|0x00000000c6800000, 0x00000000c6800000, 0x00000000c6900000|  0%| F|  |TAMS 0x00000000c6800000| PB 0x00000000c6800000| Untracked 
|  29|0x00000000c6900000, 0x00000000c6900000, 0x00000000c6a00000|  0%| F|  |TAMS 0x00000000c6900000| PB 0x00000000c6900000| Untracked 
|  30|0x00000000c6a00000, 0x00000000c6a00000, 0x00000000c6b00000|  0%| F|  |TAMS 0x00000000c6a00000| PB 0x00000000c6a00000| Untracked 
|  31|0x00000000c6b00000, 0x00000000c6b00000, 0x00000000c6c00000|  0%| F|  |TAMS 0x00000000c6b00000| PB 0x00000000c6b00000| Untracked 
|  32|0x00000000c6c00000, 0x00000000c6c00000, 0x00000000c6d00000|  0%| F|  |TAMS 0x00000000c6c00000| PB 0x00000000c6c00000| Untracked 
|  33|0x00000000c6d00000, 0x00000000c6d00000, 0x00000000c6e00000|  0%| F|  |TAMS 0x00000000c6d00000| PB 0x00000000c6d00000| Untracked 
|  34|0x00000000c6e00000, 0x00000000c6e00000, 0x00000000c6f00000|  0%| F|  |TAMS 0x00000000c6e00000| PB 0x00000000c6e00000| Untracked 
|  35|0x00000000c6f00000, 0x00000000c6f00000, 0x00000000c7000000|  0%| F|  |TAMS 0x00000000c6f00000| PB 0x00000000c6f00000| Untracked 
|  36|0x00000000c7000000, 0x00000000c7000000, 0x00000000c7100000|  0%| F|  |TAMS 0x00000000c7000000| PB 0x00000000c7000000| Untracked 
|  37|0x00000000c7100000, 0x00000000c7100000, 0x00000000c7200000|  0%| F|  |TAMS 0x00000000c7100000| PB 0x00000000c7100000| Untracked 
|  38|0x00000000c7200000, 0x00000000c7200000, 0x00000000c7300000|  0%| F|  |TAMS 0x00000000c7200000| PB 0x00000000c7200000| Untracked 
|  39|0x00000000c7300000, 0x00000000c7300000, 0x00000000c7400000|  0%| F|  |TAMS 0x00000000c7300000| PB 0x00000000c7300000| Untracked 
|  40|0x00000000c7400000, 0x00000000c7400000, 0x00000000c7500000|  0%| F|  |TAMS 0x00000000c7400000| PB 0x00000000c7400000| Untracked 
|  41|0x00000000c7500000, 0x00000000c7500000, 0x00000000c7600000|  0%| F|  |TAMS 0x00000000c7500000| PB 0x00000000c7500000| Untracked 
|  42|0x00000000c7600000, 0x00000000c7600000, 0x00000000c7700000|  0%| F|  |TAMS 0x00000000c7600000| PB 0x00000000c7600000| Untracked 
|  43|0x00000000c7700000, 0x00000000c7700000, 0x00000000c7800000|  0%| F|  |TAMS 0x00000000c7700000| PB 0x00000000c7700000| Untracked 
|  44|0x00000000c7800000, 0x00000000c7800000, 0x00000000c7900000|  0%| F|  |TAMS 0x00000000c7800000| PB 0x00000000c7800000| Untracked 
|  45|0x00000000c7900000, 0x00000000c7973000, 0x00000000c7a00000| 44%| O|  |TAMS 0x00000000c7900000| PB 0x00000000c7900000| Untracked 
|  46|0x00000000c7a00000, 0x00000000c7a00000, 0x00000000c7b00000|  0%| F|  |TAMS 0x00000000c7a00000| PB 0x00000000c7a00000| Untracked 
|  47|0x00000000c7b00000, 0x00000000c7b00000, 0x00000000c7c00000|  0%| F|  |TAMS 0x00000000c7b00000| PB 0x00000000c7b00000| Untracked 
|  48|0x00000000c7c00000, 0x00000000c7c00000, 0x00000000c7d00000|  0%| F|  |TAMS 0x00000000c7c00000| PB 0x00000000c7c00000| Untracked 
|  49|0x00000000c7d00000, 0x00000000c7d00000, 0x00000000c7e00000|  0%| F|  |TAMS 0x00000000c7d00000| PB 0x00000000c7d00000| Untracked 
|  50|0x00000000c7e00000, 0x00000000c7e00000, 0x00000000c7f00000|  0%| F|  |TAMS 0x00000000c7e00000| PB 0x00000000c7e00000| Untracked 
|  51|0x00000000c7f00000, 0x00000000c7f00000, 0x00000000c8000000|  0%| F|  |TAMS 0x00000000c7f00000| PB 0x00000000c7f00000| Untracked 
|  52|0x00000000c8000000, 0x00000000c80654f0, 0x00000000c8100000| 39%| E|  |TAMS 0x00000000c8000000| PB 0x00000000c8000000| Complete 
|  53|0x00000000c8100000, 0x00000000c8200000, 0x00000000c8200000|100%| E|CS|TAMS 0x00000000c8100000| PB 0x00000000c8100000| Complete 
|  54|0x00000000c8200000, 0x00000000c8258bd0, 0x00000000c8300000| 34%| S|CS|TAMS 0x00000000c8200000| PB 0x00000000c8200000| Complete 
|  55|0x00000000c8300000, 0x00000000c8400000, 0x00000000c8400000|100%| S|CS|TAMS 0x00000000c8300000| PB 0x00000000c8300000| Complete 
|  56|0x00000000c8400000, 0x00000000c8500000, 0x00000000c8500000|100%| S|CS|TAMS 0x00000000c8400000| PB 0x00000000c8400000| Complete 
|  57|0x00000000c8500000, 0x00000000c8600000, 0x00000000c8600000|100%| E|CS|TAMS 0x00000000c8500000| PB 0x00000000c8500000| Complete 
|  58|0x00000000c8600000, 0x00000000c8700000, 0x00000000c8700000|100%| E|CS|TAMS 0x00000000c8600000| PB 0x00000000c8600000| Complete 
|  59|0x00000000c8700000, 0x00000000c8800000, 0x00000000c8800000|100%| E|CS|TAMS 0x00000000c8700000| PB 0x00000000c8700000| Complete 
|  60|0x00000000c8800000, 0x00000000c8900000, 0x00000000c8900000|100%| E|CS|TAMS 0x00000000c8800000| PB 0x00000000c8800000| Complete 
|  61|0x00000000c8900000, 0x00000000c8a00000, 0x00000000c8a00000|100%| E|CS|TAMS 0x00000000c8900000| PB 0x00000000c8900000| Complete 
|  62|0x00000000c8a00000, 0x00000000c8b00000, 0x00000000c8b00000|100%| E|CS|TAMS 0x00000000c8a00000| PB 0x00000000c8a00000| Complete 
|  63|0x00000000c8b00000, 0x00000000c8c00000, 0x00000000c8c00000|100%| E|CS|TAMS 0x00000000c8b00000| PB 0x00000000c8b00000| Complete 
|  64|0x00000000c8c00000, 0x00000000c8d00000, 0x00000000c8d00000|100%| E|  |TAMS 0x00000000c8c00000| PB 0x00000000c8c00000| Complete 
|  65|0x00000000c8d00000, 0x00000000c8e00000, 0x00000000c8e00000|100%| E|CS|TAMS 0x00000000c8d00000| PB 0x00000000c8d00000| Complete 
|  66|0x00000000c8e00000, 0x00000000c8f00000, 0x00000000c8f00000|100%| E|CS|TAMS 0x00000000c8e00000| PB 0x00000000c8e00000| Complete 
|  67|0x00000000c8f00000, 0x00000000c9000000, 0x00000000c9000000|100%| E|CS|TAMS 0x00000000c8f00000| PB 0x00000000c8f00000| Complete 
|  68|0x00000000c9000000, 0x00000000c9100000, 0x00000000c9100000|100%| E|CS|TAMS 0x00000000c9000000| PB 0x00000000c9000000| Complete 
|  69|0x00000000c9100000, 0x00000000c9200000, 0x00000000c9200000|100%| E|CS|TAMS 0x00000000c9100000| PB 0x00000000c9100000| Complete 
|  70|0x00000000c9200000, 0x00000000c9300000, 0x00000000c9300000|100%| E|CS|TAMS 0x00000000c9200000| PB 0x00000000c9200000| Complete 
|  71|0x00000000c9300000, 0x00000000c9400000, 0x00000000c9400000|100%| E|CS|TAMS 0x00000000c9300000| PB 0x00000000c9300000| Complete 
|  72|0x00000000c9400000, 0x00000000c9500000, 0x00000000c9500000|100%| E|CS|TAMS 0x00000000c9400000| PB 0x00000000c9400000| Complete 
|  73|0x00000000c9500000, 0x00000000c9600000, 0x00000000c9600000|100%| E|CS|TAMS 0x00000000c9500000| PB 0x00000000c9500000| Complete 
|  74|0x00000000c9600000, 0x00000000c9700000, 0x00000000c9700000|100%| E|CS|TAMS 0x00000000c9600000| PB 0x00000000c9600000| Complete 
|  75|0x00000000c9700000, 0x00000000c9800000, 0x00000000c9800000|100%| E|CS|TAMS 0x00000000c9700000| PB 0x00000000c9700000| Complete 
|  76|0x00000000c9800000, 0x00000000c9900000, 0x00000000c9900000|100%| E|CS|TAMS 0x00000000c9800000| PB 0x00000000c9800000| Complete 
|  77|0x00000000c9900000, 0x00000000c9a00000, 0x00000000c9a00000|100%| E|CS|TAMS 0x00000000c9900000| PB 0x00000000c9900000| Complete 
|  78|0x00000000c9a00000, 0x00000000c9b00000, 0x00000000c9b00000|100%| E|CS|TAMS 0x00000000c9a00000| PB 0x00000000c9a00000| Complete 

Card table byte_map: [0x00000206b9d10000,0x00000206b9ef0000] _byte_map_base: 0x00000206b96ea000

Marking Bits: (CMBitMap*) 0x00000206a21644d0
 Bits: [0x00000206b9ef0000, 0x00000206badc0000)

Polling page: 0x00000206a17f0000

Metaspace:

Usage:
  Non-class:     17.11 MB used.
      Class:      2.17 MB used.
       Both:     19.28 MB used.

Virtual space:
  Non-class space:       64.00 MB reserved,      17.25 MB ( 27%) committed,  1 nodes.
      Class space:        1.00 GB reserved,       2.38 MB ( <1%) committed,  1 nodes.
             Both:        1.06 GB reserved,      19.62 MB (  2%) committed. 

Chunk freelists:
   Non-Class:  14.26 MB
       Class:  13.61 MB
        Both:  27.87 MB

MaxMetaspaceSize: unlimited
CompressedClassSpaceSize: 1.00 GB
Initial GC threshold: 21.00 MB
Current GC threshold: 29.06 MB
CDS: on
 - commit_granule_bytes: 65536.
 - commit_granule_words: 8192.
 - virtual_space_node_default_size: 8388608.
 - enlarge_chunks_in_place: 1.
 - use_allocation_guard: 0.


Internal statistics:

num_allocs_failed_limit: 0.
num_arena_births: 224.
num_arena_deaths: 0.
num_vsnodes_births: 2.
num_vsnodes_deaths: 0.
num_space_committed: 314.
num_space_uncommitted: 0.
num_chunks_returned_to_freelist: 0.
num_chunks_taken_from_freelist: 897.
num_chunk_merges: 0.
num_chunk_splits: 619.
num_chunks_enlarged: 496.
num_inconsistent_stats: 0.

CodeHeap 'non-profiled nmethods': size=120000Kb used=2525Kb max_used=2525Kb free=117474Kb
 bounds [0x00000206b22d0000, 0x00000206b2550000, 0x00000206b9800000]
CodeHeap 'profiled nmethods': size=120000Kb used=10632Kb max_used=10632Kb free=109367Kb
 bounds [0x00000206aa800000, 0x00000206ab270000, 0x00000206b1d30000]
CodeHeap 'non-nmethods': size=5760Kb used=1578Kb max_used=1606Kb free=4181Kb
 bounds [0x00000206b1d30000, 0x00000206b1fa0000, 0x00000206b22d0000]
 total_blobs=5545 nmethods=5028 adapters=421
 compilation: enabled
              stopped_count=0, restarted_count=0
 full_count=0

Compilation events (20 events):
Event: 7.128 Thread 0x00000206bd7e4c00 5019       3       java.lang.invoke.InvokerBytecodeGenerator::isStaticallyNameable (148 bytes)
Event: 7.128 Thread 0x00000206bd7e4c00 nmethod 5019 0x00000206ab25d790 code [0x00000206ab25da40, 0x00000206ab25e530]
Event: 7.128 Thread 0x00000206bd7e4c00 5020       3       java.util.ImmutableCollections$ListN::get (7 bytes)
Event: 7.128 Thread 0x00000206bd7e4c00 nmethod 5020 0x00000206ab25e810 code [0x00000206ab25e9a0, 0x00000206ab25ead8]
Event: 7.132 Thread 0x00000206bd7e4c00 5021       3       java.lang.ProcessEnvironment$CheckedEntrySet$1::hasNext (10 bytes)
Event: 7.133 Thread 0x00000206bd7e4c00 nmethod 5021 0x00000206ab25eb90 code [0x00000206ab25ed40, 0x00000206ab25ef18]
Event: 7.133 Thread 0x00000206bd7e4c00 5022       3       java.lang.ProcessEnvironment$CheckedEntrySet$1::next (5 bytes)
Event: 7.133 Thread 0x00000206bd7e4c00 nmethod 5022 0x00000206ab25f010 code [0x00000206ab25f1e0, 0x00000206ab25f6b0]
Event: 7.135 Thread 0x00000206bd7e4c00 5024       3       java.lang.ProcessEnvironment$CheckedEntry::getKey (13 bytes)
Event: 7.135 Thread 0x00000206bd7e4c00 nmethod 5024 0x00000206ab25f810 code [0x00000206ab25f9c0, 0x00000206ab25fc88]
Event: 7.135 Thread 0x00000206bd7e4c00 5023       3       java.lang.ProcessEnvironment$CheckedEntry::getKey (5 bytes)
Event: 7.135 Thread 0x00000206bd7e4c00 nmethod 5023 0x00000206ab25fd90 code [0x00000206ab25ff40, 0x00000206ab260268]
Event: 7.135 Thread 0x00000206bd7e4c00 5026       3       java.lang.ProcessEnvironment$EntryComparator::compare (25 bytes)
Event: 7.135 Thread 0x00000206bd7e4c00 nmethod 5026 0x00000206ab260390 code [0x00000206ab260580, 0x00000206ab260a60]
Event: 7.135 Thread 0x00000206bd7e4c00 5025       3       java.lang.ProcessEnvironment$EntryComparator::compare (13 bytes)
Event: 7.135 Thread 0x00000206bd7e4c00 nmethod 5025 0x00000206ab260c10 code [0x00000206ab260e20, 0x00000206ab261578]
Event: 7.146 Thread 0x00000206bd7e4c00 5029       3       jdk.internal.org.objectweb.asm.FieldWriter::visitEnd (1 bytes)
Event: 7.146 Thread 0x00000206bd7e4c00 nmethod 5029 0x00000206ab261710 code [0x00000206ab2618a0, 0x00000206ab2619a8]
Event: 7.157 Thread 0x00000206bd7e4c00 5032       3       jdk.internal.reflect.Reflection::verifyModuleAccess (24 bytes)
Event: 7.158 Thread 0x00000206bd7e4c00 nmethod 5032 0x00000206ab261a10 code [0x00000206ab261c20, 0x00000206ab262160]

GC Heap History (16 events):
Event: 1.007 GC heap before
{Heap before GC invocations=0 (full 0):
 garbage-first heap   total 61440K, used 23552K [0x00000000c4c00000, 0x0000000100000000)
  region size 1024K, 23 young (23552K), 0 survivors (0K)
 Metaspace       used 5690K, committed 5888K, reserved 1114112K
  class space    used 668K, committed 768K, reserved 1048576K
}
Event: 1.016 GC heap after
{Heap after GC invocations=1 (full 0):
 garbage-first heap   total 61440K, used 3712K [0x00000000c4c00000, 0x0000000100000000)
  region size 1024K, 3 young (3072K), 3 survivors (3072K)
 Metaspace       used 5690K, committed 5888K, reserved 1114112K
  class space    used 668K, committed 768K, reserved 1048576K
}
Event: 2.842 GC heap before
{Heap before GC invocations=1 (full 0):
 garbage-first heap   total 61440K, used 32384K [0x00000000c4c00000, 0x0000000100000000)
  region size 1024K, 31 young (31744K), 3 survivors (3072K)
 Metaspace       used 9639K, committed 9792K, reserved 1114112K
  class space    used 1147K, committed 1216K, reserved 1048576K
}
Event: 2.853 GC heap after
{Heap after GC invocations=2 (full 0):
 garbage-first heap   total 61440K, used 5734K [0x00000000c4c00000, 0x0000000100000000)
  region size 1024K, 2 young (2048K), 2 survivors (2048K)
 Metaspace       used 9639K, committed 9792K, reserved 1114112K
  class space    used 1147K, committed 1216K, reserved 1048576K
}
Event: 4.767 GC heap before
{Heap before GC invocations=2 (full 0):
 garbage-first heap   total 61440K, used 40550K [0x00000000c4c00000, 0x0000000100000000)
  region size 1024K, 36 young (36864K), 2 survivors (2048K)
 Metaspace       used 15256K, committed 15488K, reserved 1114112K
  class space    used 1812K, committed 1920K, reserved 1048576K
}
Event: 4.776 GC heap after
{Heap after GC invocations=3 (full 0):
 garbage-first heap   total 61440K, used 9645K [0x00000000c4c00000, 0x0000000100000000)
  region size 1024K, 5 young (5120K), 5 survivors (5120K)
 Metaspace       used 15256K, committed 15488K, reserved 1114112K
  class space    used 1812K, committed 1920K, reserved 1048576K
}
Event: 5.278 GC heap before
{Heap before GC invocations=3 (full 0):
 garbage-first heap   total 61440K, used 41389K [0x00000000c4c00000, 0x0000000100000000)
  region size 1024K, 36 young (36864K), 5 survivors (5120K)
 Metaspace       used 16043K, committed 16320K, reserved 1114112K
  class space    used 1877K, committed 1984K, reserved 1048576K
}
Event: 5.292 GC heap after
{Heap after GC invocations=4 (full 0):
 garbage-first heap   total 61440K, used 13530K [0x00000000c4c00000, 0x0000000100000000)
  region size 1024K, 4 young (4096K), 4 survivors (4096K)
 Metaspace       used 16043K, committed 16320K, reserved 1114112K
  class space    used 1877K, committed 1984K, reserved 1048576K
}
Event: 5.813 GC heap before
{Heap before GC invocations=4 (full 0):
 garbage-first heap   total 61440K, used 46298K [0x00000000c4c00000, 0x0000000100000000)
  region size 1024K, 36 young (36864K), 4 survivors (4096K)
 Metaspace       used 16531K, committed 16768K, reserved 1114112K
  class space    used 1900K, committed 1984K, reserved 1048576K
}
Event: 5.818 GC heap after
{Heap after GC invocations=5 (full 0):
 garbage-first heap   total 61440K, used 14094K [0x00000000c4c00000, 0x0000000100000000)
  region size 1024K, 1 young (1024K), 1 survivors (1024K)
 Metaspace       used 16531K, committed 16768K, reserved 1114112K
  class space    used 1900K, committed 1984K, reserved 1048576K
}
Event: 6.147 GC heap before
{Heap before GC invocations=5 (full 0):
 garbage-first heap   total 61440K, used 34574K [0x00000000c4c00000, 0x0000000100000000)
  region size 1024K, 14 young (14336K), 1 survivors (1024K)
 Metaspace       used 17497K, committed 17792K, reserved 1114112K
  class space    used 2015K, committed 2176K, reserved 1048576K
}
Event: 6.150 GC heap after
{Heap after GC invocations=6 (full 0):
 garbage-first heap   total 61440K, used 23227K [0x00000000c4c00000, 0x0000000100000000)
  region size 1024K, 2 young (2048K), 2 survivors (2048K)
 Metaspace       used 17497K, committed 17792K, reserved 1114112K
  class space    used 2015K, committed 2176K, reserved 1048576K
}
Event: 6.152 GC heap before
{Heap before GC invocations=6 (full 0):
 garbage-first heap   total 61440K, used 35515K [0x00000000c4c00000, 0x0000000100000000)
  region size 1024K, 3 young (3072K), 2 survivors (2048K)
 Metaspace       used 17497K, committed 17792K, reserved 1114112K
  class space    used 2015K, committed 2176K, reserved 1048576K
}
Event: 6.154 GC heap after
{Heap after GC invocations=7 (full 0):
 garbage-first heap   total 61440K, used 35598K [0x00000000c4c00000, 0x0000000100000000)
  region size 1024K, 2 young (2048K), 2 survivors (2048K)
 Metaspace       used 17497K, committed 17792K, reserved 1114112K
  class space    used 2015K, committed 2176K, reserved 1048576K
}
Event: 6.611 GC heap before
{Heap before GC invocations=8 (full 0):
 garbage-first heap   total 80896K, used 68366K [0x00000000c4c00000, 0x0000000100000000)
  region size 1024K, 22 young (22528K), 2 survivors (2048K)
 Metaspace       used 18487K, committed 18816K, reserved 1114112K
  class space    used 2096K, committed 2240K, reserved 1048576K
}
Event: 6.615 GC heap after
{Heap after GC invocations=9 (full 0):
 garbage-first heap   total 80896K, used 16174K [0x00000000c4c00000, 0x0000000100000000)
  region size 1024K, 3 young (3072K), 3 survivors (3072K)
 Metaspace       used 18487K, committed 18816K, reserved 1114112K
  class space    used 2096K, committed 2240K, reserved 1048576K
}

Dll operation events (8 events):
Event: 0.013 Loaded shared library C:\Program Files\Eclipse Adoptium\jdk-21.0.4.7-hotspot\bin\java.dll
Event: 0.065 Loaded shared library C:\Program Files\Eclipse Adoptium\jdk-21.0.4.7-hotspot\bin\jsvml.dll
Event: 0.079 Loaded shared library C:\Program Files\Eclipse Adoptium\jdk-21.0.4.7-hotspot\bin\net.dll
Event: 0.083 Loaded shared library C:\Program Files\Eclipse Adoptium\jdk-21.0.4.7-hotspot\bin\nio.dll
Event: 0.087 Loaded shared library C:\Program Files\Eclipse Adoptium\jdk-21.0.4.7-hotspot\bin\zip.dll
Event: 0.316 Loaded shared library C:\Program Files\Eclipse Adoptium\jdk-21.0.4.7-hotspot\bin\jimage.dll
Event: 0.321 Loaded shared library C:\Users\Manu3l\.m2\wrapper\dists\apache-maven-3.9.9\3477a4f1\lib\jansi-native\Windows\x86_64\jansi.dll
Event: 0.434 Loaded shared library C:\Program Files\Eclipse Adoptium\jdk-21.0.4.7-hotspot\bin\verify.dll

Deoptimization events (20 events):
Event: 7.090 Thread 0x000002069fd86370 Uncommon trap: trap_request=0xffffff45 fr.pc=0x00000206b24e5378 relative=0x0000000000001798
Event: 7.090 Thread 0x000002069fd86370 Uncommon trap: reason=unstable_if action=reinterpret pc=0x00000206b24e5378 method=sun.nio.fs.WindowsPathParser.isSlash(C)Z @ 9 c2
Event: 7.090 Thread 0x000002069fd86370 DEOPT PACKING pc=0x00000206b24e5378 sp=0x0000002e514fd940
Event: 7.090 Thread 0x000002069fd86370 DEOPT UNPACKING pc=0x00000206b1d87da2 sp=0x0000002e514fd900 mode 2
Event: 7.135 Thread 0x000002069fd86370 Uncommon trap: trap_request=0xffffffbe fr.pc=0x00000206b23bc4d4 relative=0x00000000000011b4
Event: 7.135 Thread 0x000002069fd86370 Uncommon trap: reason=profile_predicate action=maybe_recompile pc=0x00000206b23bc4d4 method=java.util.TimSort.binarySort([Ljava/lang/Object;IIILjava/util/Comparator;)V @ 34 c2
Event: 7.135 Thread 0x000002069fd86370 DEOPT PACKING pc=0x00000206b23bc4d4 sp=0x0000002e514fdc80
Event: 7.135 Thread 0x000002069fd86370 DEOPT UNPACKING pc=0x00000206b1d87da2 sp=0x0000002e514fdc50 mode 2
Event: 7.135 Thread 0x000002069fd86370 Uncommon trap: trap_request=0xffffffbe fr.pc=0x00000206b23bc4d4 relative=0x00000000000011b4
Event: 7.135 Thread 0x000002069fd86370 Uncommon trap: reason=profile_predicate action=maybe_recompile pc=0x00000206b23bc4d4 method=java.util.TimSort.binarySort([Ljava/lang/Object;IIILjava/util/Comparator;)V @ 34 c2
Event: 7.135 Thread 0x000002069fd86370 DEOPT PACKING pc=0x00000206b23bc4d4 sp=0x0000002e514fdc80
Event: 7.135 Thread 0x000002069fd86370 DEOPT UNPACKING pc=0x00000206b1d87da2 sp=0x0000002e514fdc50 mode 2
Event: 7.135 Thread 0x000002069fd86370 Uncommon trap: trap_request=0xffffffbe fr.pc=0x00000206b23bc4d4 relative=0x00000000000011b4
Event: 7.135 Thread 0x000002069fd86370 Uncommon trap: reason=profile_predicate action=maybe_recompile pc=0x00000206b23bc4d4 method=java.util.TimSort.binarySort([Ljava/lang/Object;IIILjava/util/Comparator;)V @ 34 c2
Event: 7.135 Thread 0x000002069fd86370 DEOPT PACKING pc=0x00000206b23bc4d4 sp=0x0000002e514fdc80
Event: 7.135 Thread 0x000002069fd86370 DEOPT UNPACKING pc=0x00000206b1d87da2 sp=0x0000002e514fdc50 mode 2
Event: 7.135 Thread 0x000002069fd86370 Uncommon trap: trap_request=0xffffffbe fr.pc=0x00000206b23bc4d4 relative=0x00000000000011b4
Event: 7.135 Thread 0x000002069fd86370 Uncommon trap: reason=profile_predicate action=maybe_recompile pc=0x00000206b23bc4d4 method=java.util.TimSort.binarySort([Ljava/lang/Object;IIILjava/util/Comparator;)V @ 34 c2
Event: 7.135 Thread 0x000002069fd86370 DEOPT PACKING pc=0x00000206b23bc4d4 sp=0x0000002e514fdc80
Event: 7.135 Thread 0x000002069fd86370 DEOPT UNPACKING pc=0x00000206b1d87da2 sp=0x0000002e514fdc50 mode 2

Classes loaded (20 events):
Event: 7.152 Loading class jdk/internal/logger/LazyLoggers$LazyLoggerFactories
Event: 7.152 Loading class jdk/internal/logger/LazyLoggers$LazyLoggerFactories done
Event: 7.152 Loading class jdk/internal/logger/LoggerFinderLoader
Event: 7.157 Loading class jdk/internal/logger/LoggerFinderLoader done
Event: 7.158 Loading class jdk/internal/logger/LoggerFinderLoader$TemporaryLoggerFinder
Event: 7.158 Loading class jdk/internal/logger/LoggerFinderLoader$TemporaryLoggerFinder done
Event: 7.158 Loading class sun/util/logging/internal/LoggingProviderImpl$JULWrapper
Event: 7.165 Loading class sun/util/logging/PlatformLogger$ConfigurableBridge$LoggerConfiguration
Event: 7.167 Loading class sun/util/logging/PlatformLogger$ConfigurableBridge$LoggerConfiguration done
Event: 7.167 Loading class sun/util/logging/internal/LoggingProviderImpl$JULWrapper done
Event: 7.167 Loading class java/lang/System$Logger$Level
Event: 7.168 Loading class java/lang/System$Logger$Level done
Event: 7.169 Loading class sun/misc/Signal
Event: 7.169 Loading class sun/misc/Signal done
Event: 7.169 Loading class sun/misc/SignalHandler
Event: 7.169 Loading class sun/misc/SignalHandler done
Event: 7.169 Loading class sun/misc/Signal$InternalMiscHandler
Event: 7.169 Loading class sun/misc/Signal$InternalMiscHandler done
Event: 7.169 Loading class sun/misc/Signal$SunMiscHandler
Event: 7.170 Loading class sun/misc/Signal$SunMiscHandler done

Classes unloaded (0 events):
No events

Classes redefined (0 events):
No events

Internal exceptions (20 events):
Event: 4.461 Thread 0x000002069fd86370 Implicit null exception at 0x00000206b231c724 to 0x00000206b231cdf4
Event: 4.461 Thread 0x000002069fd86370 Implicit null exception at 0x00000206b2309820 to 0x00000206b2309ee0
Event: 4.505 Thread 0x000002069fd86370 Exception <a 'java/lang/NoSuchMethodError'{0x00000000c716f8a8}: 'void java.lang.invoke.DirectMethodHandle$Holder.invokeSpecial(java.lang.Object, java.lang.Object, java.lang.Object, java.lang.Object, java.lang.Object)'> (0x00000000c716f8a8) 
thrown [s\src\hotspot\share\interpreter\linkResolver.cpp, line 773]
Event: 4.507 Thread 0x000002069fd86370 Exception <a 'java/lang/NoSuchMethodError'{0x00000000c7186178}: 'void java.lang.invoke.DirectMethodHandle$Holder.invokeSpecial(java.lang.Object, java.lang.Object, java.lang.Object, java.lang.Object, java.lang.Object, java.lang.Object)'> (0x00000000c7186178) 
thrown [s\src\hotspot\share\interpreter\linkResolver.cpp, line 773]
Event: 4.524 Thread 0x000002069fd86370 Exception <a 'java/lang/NoSuchMethodError'{0x00000000c707c3f8}: 'java.lang.Object java.lang.invoke.DirectMethodHandle$Holder.invokeVirtual(java.lang.Object, java.lang.Object, java.lang.Object)'> (0x00000000c707c3f8) 
thrown [s\src\hotspot\share\interpreter\linkResolver.cpp, line 773]
Event: 4.572 Thread 0x000002069fd86370 Exception <a 'java/lang/NoSuchMethodError'{0x00000000c6e5b770}: 'void java.lang.invoke.DirectMethodHandle$Holder.invokeVirtual(java.lang.Object, java.lang.Object, int)'> (0x00000000c6e5b770) 
thrown [s\src\hotspot\share\interpreter\linkResolver.cpp, line 773]
Event: 4.572 Thread 0x000002069fd86370 Exception <a 'java/lang/NoSuchMethodError'{0x00000000c6e5f570}: 'void java.lang.invoke.DirectMethodHandle$Holder.invokeSpecial(java.lang.Object, java.lang.Object, java.lang.Object, int)'> (0x00000000c6e5f570) 
thrown [s\src\hotspot\share\interpreter\linkResolver.cpp, line 773]
Event: 4.572 Thread 0x000002069fd86370 Exception <a 'java/lang/NoSuchMethodError'{0x00000000c6e62c40}: 'void java.lang.invoke.DelegatingMethodHandle$Holder.reinvoke_L(java.lang.Object, java.lang.Object, int)'> (0x00000000c6e62c40) 
thrown [s\src\hotspot\share\interpreter\linkResolver.cpp, line 773]
Event: 5.040 Thread 0x000002069fd86370 Implicit null exception at 0x00000206b24007c4 to 0x00000206b2401b04
Event: 5.040 Thread 0x000002069fd86370 Implicit null exception at 0x00000206b2385398 to 0x00000206b2385574
Event: 5.040 Thread 0x000002069fd86370 Implicit null exception at 0x00000206b23e310d to 0x00000206b23e3978
Event: 5.713 Thread 0x000002069fd86370 Implicit null exception at 0x00000206b23632bd to 0x00000206b2363341
Event: 5.809 Thread 0x000002069fd86370 Exception <a 'java/lang/NoSuchMethodError'{0x00000000c64c7228}: 'java.lang.Object java.lang.invoke.DirectMethodHandle$Holder.newInvokeSpecial(java.lang.Object, java.lang.Object, java.lang.Object, java.lang.Object, java.lang.Object, java.lang.Object, java.lang.Object)'> (0x00000000c64c7228) 
thrown [s\src\hotspot\share\interpreter\linkResolver.cpp, line 773]
Event: 6.088 Thread 0x000002069fd86370 Exception <a 'java/lang/NoSuchMethodError'{0x00000000c7ee5338}: 'int java.lang.invoke.DirectMethodHandle$Holder.invokeVirtual(java.lang.Object, java.lang.Object)'> (0x00000000c7ee5338) 
thrown [s\src\hotspot\share\interpreter\linkResolver.cpp, line 773]
Event: 6.113 Thread 0x000002069fd86370 Exception <a 'java/lang/NoSuchMethodError'{0x00000000c7c02058}: 'void java.lang.invoke.Invokers$Holder.invokeExact_MT(java.lang.Object, java.lang.Object, int, java.lang.Object)'> (0x00000000c7c02058) 
thrown [s\src\hotspot\share\interpreter\linkResolver.cpp, line 773]
Event: 7.121 Thread 0x000002069fd86370 Exception <a 'java/lang/NoSuchMethodError'{0x00000000c81c1988}: 'java.lang.Object java.lang.invoke.DirectMethodHandle$Holder.invokeStaticInit(java.lang.Object, java.lang.Object, int, int, int, int)'> (0x00000000c81c1988) 
thrown [s\src\hotspot\share\interpreter\linkResolver.cpp, line 773]
Event: 7.145 Thread 0x000002069fd86370 Exception <a 'java/lang/NoSuchMethodError'{0x00000000c8017b20}: 'void java.lang.invoke.DirectMethodHandle$Holder.invokeStatic(java.lang.Object, long)'> (0x00000000c8017b20) 
thrown [s\src\hotspot\share\interpreter\linkResolver.cpp, line 773]
Event: 7.146 Thread 0x000002069fd86370 Exception <a 'java/lang/NoSuchMethodError'{0x00000000c801c988}: 'java.lang.Object java.lang.invoke.DirectMethodHandle$Holder.newInvokeSpecial(java.lang.Object, long)'> (0x00000000c801c988) 
thrown [s\src\hotspot\share\interpreter\linkResolver.cpp, line 773]
Event: 7.147 Thread 0x000002069fd86370 Exception <a 'java/lang/NoSuchMethodError'{0x00000000c8023558}: 'java.lang.Object java.lang.invoke.DirectMethodHandle$Holder.invokeStatic(java.lang.Object, long, java.lang.Object)'> (0x00000000c8023558) 
thrown [s\src\hotspot\share\interpreter\linkResolver.cpp, line 773]
Event: 7.148 Thread 0x000002069fd86370 Exception <a 'java/lang/NoSuchMethodError'{0x00000000c8026be0}: 'java.lang.Object java.lang.invoke.DirectMethodHandle$Holder.invokeStaticInit(java.lang.Object, long, java.lang.Object)'> (0x00000000c8026be0) 
thrown [s\src\hotspot\share\interpreter\linkResolver.cpp, line 773]

ZGC Phase Switch (0 events):
No events

VM Operations (20 events):
Event: 6.103 Executing VM operation: ICBufferFull
Event: 6.103 Executing VM operation: ICBufferFull done
Event: 6.147 Executing VM operation: G1TryInitiateConcMark (G1 Humongous Allocation)
Event: 6.150 Executing VM operation: G1TryInitiateConcMark (G1 Humongous Allocation) done
Event: 6.152 Executing VM operation: G1TryInitiateConcMark (G1 Humongous Allocation)
Event: 6.154 Executing VM operation: G1TryInitiateConcMark (G1 Humongous Allocation) done
Event: 6.167 Executing VM operation: G1PauseRemark
Event: 6.171 Executing VM operation: G1PauseRemark done
Event: 6.176 Executing VM operation: G1PauseCleanup
Event: 6.176 Executing VM operation: G1PauseCleanup done
Event: 6.388 Executing VM operation: ICBufferFull
Event: 6.388 Executing VM operation: ICBufferFull done
Event: 6.424 Executing VM operation: HandshakeAllThreads (Deoptimize)
Event: 6.424 Executing VM operation: HandshakeAllThreads (Deoptimize) done
Event: 6.611 Executing VM operation: G1CollectForAllocation (G1 Evacuation Pause)
Event: 6.615 Executing VM operation: G1CollectForAllocation (G1 Evacuation Pause) done
Event: 7.112 Executing VM operation: HandshakeAllThreads (Deoptimize)
Event: 7.112 Executing VM operation: HandshakeAllThreads (Deoptimize) done
Event: 8.125 Executing VM operation: Cleanup
Event: 8.125 Executing VM operation: Cleanup done

Memory protections (0 events):
No events

Nmethod flushes (0 events):
No events

Events (14 events):
Event: 0.040 Thread 0x000002069fd86370 Thread added: 0x000002069fd86370
Event: 0.063 Thread 0x000002069fd86370 Thread added: 0x00000206bd7a95e0
Event: 0.063 Thread 0x000002069fd86370 Thread added: 0x00000206bd7ac150
Event: 0.063 Thread 0x000002069fd86370 Thread added: 0x00000206bd7aed70
Event: 0.063 Thread 0x000002069fd86370 Thread added: 0x00000206bd7b2a00
Event: 0.063 Thread 0x000002069fd86370 Thread added: 0x00000206bd7b4390
Event: 0.063 Thread 0x000002069fd86370 Thread added: 0x00000206bd7b5bd0
Event: 0.064 Thread 0x000002069fd86370 Thread added: 0x00000206bd7c3800
Event: 0.064 Thread 0x000002069fd86370 Thread added: 0x00000206bd7e4c00
Event: 0.075 Thread 0x000002069fd86370 Thread added: 0x00000206bdad26d0
Event: 0.077 Thread 0x000002069fd86370 Thread added: 0x00000206bdad74e0
Event: 0.313 Thread 0x000002069fd86370 Thread added: 0x00000206bdb634d0
Event: 0.591 Thread 0x00000206bdb634d0 Thread exited: 0x00000206bdb634d0
Event: 4.403 Thread 0x000002069fd86370 Thread added: 0x000002068438c590


Dynamic libraries:
0x00007ff6b7580000 - 0x00007ff6b758e000 	C:\Program Files\Eclipse Adoptium\jdk-21.0.4.7-hotspot\bin\java.exe
0x00007ffb6ca40000 - 0x00007ffb6cca6000 	C:\WINDOWS\SYSTEM32\ntdll.dll
0x00007ffb6b170000 - 0x00007ffb6b239000 	C:\WINDOWS\System32\KERNEL32.DLL
0x00007ffb6a0d0000 - 0x00007ffb6a49c000 	C:\WINDOWS\System32\KERNELBASE.dll
0x00007ffb69e40000 - 0x00007ffb69f8b000 	C:\WINDOWS\System32\ucrtbase.dll
0x00007ffb51840000 - 0x00007ffb5185b000 	C:\Program Files\Eclipse Adoptium\jdk-21.0.4.7-hotspot\bin\VCRUNTIME140.dll
0x00007ffb51860000 - 0x00007ffb51878000 	C:\Program Files\Eclipse Adoptium\jdk-21.0.4.7-hotspot\bin\jli.dll
0x00007ffb6afa0000 - 0x00007ffb6b16a000 	C:\WINDOWS\System32\USER32.dll
0x00007ffb4fe10000 - 0x00007ffb500aa000 	C:\WINDOWS\WinSxS\amd64_microsoft.windows.common-controls_6595b64144ccf1df_6.0.26100.3912_none_3e07963ce335137e\COMCTL32.dll
0x00007ffb69bd0000 - 0x00007ffb69bf7000 	C:\WINDOWS\System32\win32u.dll
0x00007ffb6bb60000 - 0x00007ffb6bc09000 	C:\WINDOWS\System32\msvcrt.dll
0x00007ffb6b300000 - 0x00007ffb6b32b000 	C:\WINDOWS\System32\GDI32.dll
0x00007ffb6a620000 - 0x00007ffb6a752000 	C:\WINDOWS\System32\gdi32full.dll
0x00007ffb6a020000 - 0x00007ffb6a0c3000 	C:\WINDOWS\System32\msvcp_win.dll
0x00007ffb6c990000 - 0x00007ffb6c9c0000 	C:\WINDOWS\System32\IMM32.DLL
0x00007ffb518c0000 - 0x00007ffb518cc000 	C:\Program Files\Eclipse Adoptium\jdk-21.0.4.7-hotspot\bin\vcruntime140_1.dll
0x00007ffb41a10000 - 0x00007ffb41a9e000 	C:\Program Files\Eclipse Adoptium\jdk-21.0.4.7-hotspot\bin\msvcp140.dll
0x00007ffb40c80000 - 0x00007ffb41a08000 	C:\Program Files\Eclipse Adoptium\jdk-21.0.4.7-hotspot\bin\server\jvm.dll
0x00007ffb6b240000 - 0x00007ffb6b2f2000 	C:\WINDOWS\System32\ADVAPI32.dll
0x00007ffb6a970000 - 0x00007ffb6aa16000 	C:\WINDOWS\System32\sechost.dll
0x00007ffb6c870000 - 0x00007ffb6c986000 	C:\WINDOWS\System32\RPCRT4.dll
0x00007ffb6c4f0000 - 0x00007ffb6c564000 	C:\WINDOWS\System32\WS2_32.dll
0x00007ffb56210000 - 0x00007ffb5621b000 	C:\WINDOWS\SYSTEM32\VERSION.dll
0x00007ffb69a20000 - 0x00007ffb69a7e000 	C:\WINDOWS\SYSTEM32\POWRPROF.dll
0x00007ffb5af30000 - 0x00007ffb5af66000 	C:\WINDOWS\SYSTEM32\WINMM.dll
0x00007ffb69a00000 - 0x00007ffb69a14000 	C:\WINDOWS\SYSTEM32\UMPDC.dll
0x00007ffb688f0000 - 0x00007ffb6890a000 	C:\WINDOWS\SYSTEM32\kernel.appcore.dll
0x00007ffb518b0000 - 0x00007ffb518ba000 	C:\Program Files\Eclipse Adoptium\jdk-21.0.4.7-hotspot\bin\jimage.dll
0x00007ffb67380000 - 0x00007ffb675c1000 	C:\WINDOWS\SYSTEM32\DBGHELP.DLL
0x00007ffb6ab10000 - 0x00007ffb6ae94000 	C:\WINDOWS\System32\combase.dll
0x00007ffb6c580000 - 0x00007ffb6c660000 	C:\WINDOWS\System32\OLEAUT32.dll
0x00007ffb4a980000 - 0x00007ffb4a9b9000 	C:\WINDOWS\SYSTEM32\dbgcore.DLL
0x00007ffb6a760000 - 0x00007ffb6a7f9000 	C:\WINDOWS\System32\bcryptPrimitives.dll
0x00007ffb51890000 - 0x00007ffb518af000 	C:\Program Files\Eclipse Adoptium\jdk-21.0.4.7-hotspot\bin\java.dll
0x00007ffb6bdc0000 - 0x00007ffb6c4ed000 	C:\WINDOWS\System32\SHELL32.dll
0x00007ffb69cc0000 - 0x00007ffb69e34000 	C:\WINDOWS\System32\wintypes.dll
0x00007ffb67800000 - 0x00007ffb68056000 	C:\WINDOWS\SYSTEM32\windows.storage.dll
0x00007ffb6aea0000 - 0x00007ffb6af8f000 	C:\WINDOWS\System32\SHCORE.dll
0x00007ffb6c680000 - 0x00007ffb6c6e9000 	C:\WINDOWS\System32\shlwapi.dll
0x00007ffb69ae0000 - 0x00007ffb69b0f000 	C:\WINDOWS\SYSTEM32\profapi.dll
0x00007ffb40780000 - 0x00007ffb40857000 	C:\Program Files\Eclipse Adoptium\jdk-21.0.4.7-hotspot\bin\jsvml.dll
0x00007ffb51880000 - 0x00007ffb51890000 	C:\Program Files\Eclipse Adoptium\jdk-21.0.4.7-hotspot\bin\net.dll
0x00007ffb61910000 - 0x00007ffb61a2e000 	C:\WINDOWS\SYSTEM32\WINHTTP.dll
0x00007ffb68ea0000 - 0x00007ffb68f0a000 	C:\WINDOWS\system32\mswsock.dll
0x00007ffb40760000 - 0x00007ffb40776000 	C:\Program Files\Eclipse Adoptium\jdk-21.0.4.7-hotspot\bin\nio.dll
0x00007ffb40740000 - 0x00007ffb40758000 	C:\Program Files\Eclipse Adoptium\jdk-21.0.4.7-hotspot\bin\zip.dll
0x00007ffb21ef0000 - 0x00007ffb21f14000 	C:\Users\Manu3l\.m2\wrapper\dists\apache-maven-3.9.9\3477a4f1\lib\jansi-native\Windows\x86_64\jansi.dll
0x00007ffb400c0000 - 0x00007ffb400d0000 	C:\Program Files\Eclipse Adoptium\jdk-21.0.4.7-hotspot\bin\verify.dll
0x00007ffb69260000 - 0x00007ffb6927c000 	C:\WINDOWS\SYSTEM32\CRYPTSP.dll
0x00007ffb688b0000 - 0x00007ffb688ea000 	C:\WINDOWS\system32\rsaenh.dll
0x00007ffb68f40000 - 0x00007ffb68f6b000 	C:\WINDOWS\SYSTEM32\USERENV.dll
0x00007ffb69ab0000 - 0x00007ffb69ad6000 	C:\WINDOWS\SYSTEM32\bcrypt.dll
0x00007ffb69240000 - 0x00007ffb6924c000 	C:\WINDOWS\SYSTEM32\CRYPTBASE.dll
0x00007ffb68370000 - 0x00007ffb683a3000 	C:\WINDOWS\SYSTEM32\IPHLPAPI.DLL
0x00007ffb6c700000 - 0x00007ffb6c70a000 	C:\WINDOWS\System32\NSI.dll

dbghelp: loaded successfully - version: 4.0.5 - missing functions: none
symbol engine: initialized successfully - sym options: 0x614 - pdb path: .;C:\Program Files\Eclipse Adoptium\jdk-21.0.4.7-hotspot\bin;C:\WINDOWS\SYSTEM32;C:\WINDOWS\WinSxS\amd64_microsoft.windows.common-controls_6595b64144ccf1df_6.0.26100.3912_none_3e07963ce335137e;C:\Program Files\Eclipse Adoptium\jdk-21.0.4.7-hotspot\bin\server;C:\Users\Manu3l\.m2\wrapper\dists\apache-maven-3.9.9\3477a4f1\lib\jansi-native\Windows\x86_64

VM Arguments:
jvm_args: -Dclassworlds.conf=C:/Users/Manu3l/.m2/wrapper/dists/apache-maven-3.9.9/3477a4f1/bin/m2.conf -Dmaven.home=C:/Users/Manu3l/.m2/wrapper/dists/apache-maven-3.9.9/3477a4f1 -Dlibrary.jansi.path=C:/Users/Manu3l/.m2/wrapper/dists/apache-maven-3.9.9/3477a4f1/lib/jansi-native -Dmaven.multiModuleProjectDirectory=C:/Users/Manu3l/Desktop/jenkins_real/BirdUcc/Backend 
java_command: org.codehaus.plexus.classworlds.launcher.Launcher spring-boot:run
java_class_path (initial): C:/Users/Manu3l/.m2/wrapper/dists/apache-maven-3.9.9/3477a4f1/boot/plexus-classworlds-2.8.0.jar
Launcher Type: SUN_STANDARD

[Global flags]
     intx CICompilerCount                          = 4                                         {product} {ergonomic}
     uint ConcGCThreads                            = 2                                         {product} {ergonomic}
     uint G1ConcRefinementThreads                  = 8                                         {product} {ergonomic}
   size_t G1HeapRegionSize                         = 1048576                                   {product} {ergonomic}
    uintx GCDrainStackTargetSize                   = 64                                        {product} {ergonomic}
   size_t InitialHeapSize                          = 62914560                                  {product} {ergonomic}
   size_t MarkStackSize                            = 4194304                                   {product} {ergonomic}
   size_t MaxHeapSize                              = 994050048                                 {product} {ergonomic}
   size_t MaxNewSize                               = 595591168                                 {product} {ergonomic}
   size_t MinHeapDeltaBytes                        = 1048576                                   {product} {ergonomic}
   size_t MinHeapSize                              = 8388608                                   {product} {ergonomic}
    uintx NonNMethodCodeHeapSize                   = 5839372                                {pd product} {ergonomic}
    uintx NonProfiledCodeHeapSize                  = 122909434                              {pd product} {ergonomic}
    uintx ProfiledCodeHeapSize                     = 122909434                              {pd product} {ergonomic}
    uintx ReservedCodeCacheSize                    = 251658240                              {pd product} {ergonomic}
     bool SegmentedCodeCache                       = true                                      {product} {ergonomic}
   size_t SoftMaxHeapSize                          = 994050048                              {manageable} {ergonomic}
     bool UseCompressedOops                        = true                           {product lp64_product} {ergonomic}
     bool UseG1GC                                  = true                                      {product} {ergonomic}
     bool UseLargePagesIndividualAllocation        = false                                  {pd product} {ergonomic}

Logging:
Log output configuration:
 #0: stdout all=warning uptime,level,tags foldmultilines=false
 #1: stderr all=off uptime,level,tags foldmultilines=false

Environment Variables:
PATH=C:\Users\Manu3l\bin;D:\Git\Git\mingw64\bin;D:\Git\Git\usr\local\bin;D:\Git\Git\usr\bin;D:\Git\Git\usr\bin;D:\Git\Git\mingw64\bin;D:\Git\Git\usr\bin;C:\Users\Manu3l\bin;D:\Python\Scripts;D:\Python;C:\Program Files\Eclipse Adoptium\jdk-21.0.4.7-hotspot\bin;C:\Program Files\Common Files\Oracle\Java\javapath;C:\Program Files (x86)\Common Files\Oracle\Java\java8path;C:\Program Files (x86)\Common Files\Oracle\Java\javapath;C:\WINDOWS\system32;C:\WINDOWS;C:\WINDOWS\System32\Wbem;C:\WINDOWS\System32\WindowsPowerShell\v1.0;C:\WINDOWS\System32\OpenSSH;C:\Program Files\nodejs;D:\Git\Git\cmd;D:\Git\Git\usr\bin;D:\Git\Git\usr\bin;C:\ProgramData\chocolatey\bin;C:\Program Files\nodejs;C:\Program Files\dotnet;C:\Users\Manu3l\AppData\Local\Microsoft\WindowsApps;C:\Users\Manu3l\AppData\Local\GitHubDesktop\bin;D:\Microsoft VS Code\bin;C:\Users\Manu3l\AppData\Roaming\npm;D:\Python;D:\Python\Scripts;C:\Users\Manu3l\AppData\Local\Muse Hub\lib;D:\Git\Git\usr\bin\vendor_perl;D:\Git\Git\usr\bin\core_perl
USERNAME=MVR
SHELL=D:\Git\Git\usr\bin\bash.exe
DISPLAY=needs-to-be-defined
LANG=en_US.UTF-8
TERM=xterm-256color
TMPDIR=C:\Users\Manu3l\AppData\Local\Temp
OS=Windows_NT
PROCESSOR_IDENTIFIER=Intel64 Family 6 Model 140 Stepping 1, GenuineIntel
TMP=C:\Users\Manu3l\AppData\Local\Temp
TEMP=C:\Users\Manu3l\AppData\Local\Temp




Periodic native trim disabled

---------------  S Y S T E M  ---------------

OS:
 Windows 11 , 64 bit Build 26100 (10.0.26100.3912)
OS uptime: 1 days 9:25 hours
Hyper-V role detected

CPU: total 8 (initial active 8) (4 cores per cpu, 2 threads per core) family 6 model 140 stepping 1 microcode 0xa4, cx8, cmov, fxsr, ht, mmx, 3dnowpref, sse, sse2, sse3, ssse3, sse4.1, sse4.2, popcnt, lzcnt, tsc, tscinvbit, avx, avx2, aes, erms, clmul, bmi1, bmi2, adx, avx512f, avx512dq, avx512cd, avx512bw, avx512vl, sha, fma, vzeroupper, avx512_vpopcntdq, avx512_vpclmulqdq, avx512_vaes, avx512_vnni, clflush, clflushopt, clwb, avx512_vbmi2, avx512_vbmi, hv, rdtscp, rdpid, fsrm, gfni, avx512_bitalg, f16c, cet_ibt, cet_ss, avx512_ifma
Processor Information for all 8 processors :
  Max Mhz: 2419, Current Mhz: 2419, Mhz Limit: 2419

Memory: 4k page, system-wide physical 3790M (136M free)
TotalPageFile size 15566M (AvailPageFile size 7M)
current process WorkingSet (physical memory assigned to process): 187M, peak: 187M
current process commit charge ("private bytes"): 224M, peak: 226M

vm_info: OpenJDK 64-Bit Server VM (21.0.4+7-LTS) for windows-amd64 JRE (21.0.4+7-LTS), built on 2024-07-16T00:00:00Z by "admin" with MS VC++ 17.7 (VS2022)

END.
